Archive member included to satisfy reference by file (symbol)

/usr/lib/gcc/arm-none-eabi/6.3.1/../../../arm-none-eabi/lib/thumb/v7e-m/fpv4-sp/hard/libc_nano.a(lib_a-atoi.o)
                              obj/main/SPRACINGF3/io/serial_cli.o (symbol from plugin) (atoi)
/usr/lib/gcc/arm-none-eabi/6.3.1/../../../arm-none-eabi/lib/thumb/v7e-m/fpv4-sp/hard/libc_nano.a(lib_a-ctype_.o)
                              obj/main/SPRACINGF3/io/serial_cli.o (symbol from plugin) (__ctype_ptr__)
/usr/lib/gcc/arm-none-eabi/6.3.1/../../../arm-none-eabi/lib/thumb/v7e-m/fpv4-sp/hard/libc_nano.a(lib_a-strtok_r.o)
                              obj/main/SPRACINGF3/io/serial_cli.o (symbol from plugin) (strtok_r)
/usr/lib/gcc/arm-none-eabi/6.3.1/../../../arm-none-eabi/lib/thumb/v7e-m/fpv4-sp/hard/libc_nano.a(lib_a-strtol.o)
                              /usr/lib/gcc/arm-none-eabi/6.3.1/../../../arm-none-eabi/lib/thumb/v7e-m/fpv4-sp/hard/libc_nano.a(lib_a-atoi.o) (_strtol_r)
/usr/lib/gcc/arm-none-eabi/6.3.1/../../../arm-none-eabi/lib/thumb/v7e-m/fpv4-sp/hard/libc_nano.a(lib_a-impure.o)
                              /usr/lib/gcc/arm-none-eabi/6.3.1/../../../arm-none-eabi/lib/thumb/v7e-m/fpv4-sp/hard/libc_nano.a(lib_a-strtol.o) (_impure_ptr)
/usr/lib/gcc/arm-none-eabi/6.3.1/../../../arm-none-eabi/lib/thumb/v7e-m/fpv4-sp/hard/libm.a(lib_a-sf_lrint.o)
                              /tmp/ccNcY1Gm.ltrans4.ltrans.o (lrintf)
/usr/lib/gcc/arm-none-eabi/6.3.1/../../../arm-none-eabi/lib/thumb/v7e-m/fpv4-sp/hard/libm.a(lib_a-w_pow.o)
                              /tmp/ccNcY1Gm.ltrans11.ltrans.o (pow)
/usr/lib/gcc/arm-none-eabi/6.3.1/../../../arm-none-eabi/lib/thumb/v7e-m/fpv4-sp/hard/libm.a(lib_a-wf_sqrt.o)
                              /tmp/ccNcY1Gm.ltrans4.ltrans.o (sqrtf)
/usr/lib/gcc/arm-none-eabi/6.3.1/../../../arm-none-eabi/lib/thumb/v7e-m/fpv4-sp/hard/libm.a(lib_a-e_pow.o)
                              /usr/lib/gcc/arm-none-eabi/6.3.1/../../../arm-none-eabi/lib/thumb/v7e-m/fpv4-sp/hard/libm.a(lib_a-w_pow.o) (__ieee754_pow)
/usr/lib/gcc/arm-none-eabi/6.3.1/../../../arm-none-eabi/lib/thumb/v7e-m/fpv4-sp/hard/libm.a(lib_a-e_sqrt.o)
                              /usr/lib/gcc/arm-none-eabi/6.3.1/../../../arm-none-eabi/lib/thumb/v7e-m/fpv4-sp/hard/libm.a(lib_a-e_pow.o) (__ieee754_sqrt)
/usr/lib/gcc/arm-none-eabi/6.3.1/../../../arm-none-eabi/lib/thumb/v7e-m/fpv4-sp/hard/libm.a(lib_a-ef_sqrt.o)
                              /usr/lib/gcc/arm-none-eabi/6.3.1/../../../arm-none-eabi/lib/thumb/v7e-m/fpv4-sp/hard/libm.a(lib_a-wf_sqrt.o) (__ieee754_sqrtf)
/usr/lib/gcc/arm-none-eabi/6.3.1/../../../arm-none-eabi/lib/thumb/v7e-m/fpv4-sp/hard/libm.a(lib_a-s_fabs.o)
                              /usr/lib/gcc/arm-none-eabi/6.3.1/../../../arm-none-eabi/lib/thumb/v7e-m/fpv4-sp/hard/libm.a(lib_a-e_pow.o) (fabs)
/usr/lib/gcc/arm-none-eabi/6.3.1/../../../arm-none-eabi/lib/thumb/v7e-m/fpv4-sp/hard/libm.a(lib_a-s_finite.o)
                              /usr/lib/gcc/arm-none-eabi/6.3.1/../../../arm-none-eabi/lib/thumb/v7e-m/fpv4-sp/hard/libm.a(lib_a-w_pow.o) (finite)
/usr/lib/gcc/arm-none-eabi/6.3.1/../../../arm-none-eabi/lib/thumb/v7e-m/fpv4-sp/hard/libm.a(lib_a-s_lib_ver.o)
                              /usr/lib/gcc/arm-none-eabi/6.3.1/../../../arm-none-eabi/lib/thumb/v7e-m/fpv4-sp/hard/libm.a(lib_a-w_pow.o) (__fdlib_version)
/usr/lib/gcc/arm-none-eabi/6.3.1/../../../arm-none-eabi/lib/thumb/v7e-m/fpv4-sp/hard/libm.a(lib_a-s_matherr.o)
                              /usr/lib/gcc/arm-none-eabi/6.3.1/../../../arm-none-eabi/lib/thumb/v7e-m/fpv4-sp/hard/libm.a(lib_a-w_pow.o) (matherr)
/usr/lib/gcc/arm-none-eabi/6.3.1/../../../arm-none-eabi/lib/thumb/v7e-m/fpv4-sp/hard/libm.a(lib_a-s_nan.o)
                              /usr/lib/gcc/arm-none-eabi/6.3.1/../../../arm-none-eabi/lib/thumb/v7e-m/fpv4-sp/hard/libm.a(lib_a-e_pow.o) (nan)
/usr/lib/gcc/arm-none-eabi/6.3.1/../../../arm-none-eabi/lib/thumb/v7e-m/fpv4-sp/hard/libm.a(lib_a-s_rint.o)
                              /usr/lib/gcc/arm-none-eabi/6.3.1/../../../arm-none-eabi/lib/thumb/v7e-m/fpv4-sp/hard/libm.a(lib_a-w_pow.o) (rint)
/usr/lib/gcc/arm-none-eabi/6.3.1/../../../arm-none-eabi/lib/thumb/v7e-m/fpv4-sp/hard/libm.a(lib_a-s_scalbn.o)
                              /usr/lib/gcc/arm-none-eabi/6.3.1/../../../arm-none-eabi/lib/thumb/v7e-m/fpv4-sp/hard/libm.a(lib_a-e_pow.o) (scalbn)
/usr/lib/gcc/arm-none-eabi/6.3.1/../../../arm-none-eabi/lib/thumb/v7e-m/fpv4-sp/hard/libm.a(lib_a-s_copysign.o)
                              /usr/lib/gcc/arm-none-eabi/6.3.1/../../../arm-none-eabi/lib/thumb/v7e-m/fpv4-sp/hard/libm.a(lib_a-s_scalbn.o) (copysign)
/usr/lib/gcc/arm-none-eabi/6.3.1/../../../arm-none-eabi/lib/thumb/v7e-m/fpv4-sp/hard/libc_nano.a(lib_a-errno.o)
                              /usr/lib/gcc/arm-none-eabi/6.3.1/../../../arm-none-eabi/lib/thumb/v7e-m/fpv4-sp/hard/libm.a(lib_a-w_pow.o) (__errno)
/usr/lib/gcc/arm-none-eabi/6.3.1/../../../arm-none-eabi/lib/thumb/v7e-m/fpv4-sp/hard/libc_nano.a(lib_a-memcmp.o)
[...]
Memory Configuration

Name             Origin             Length             Attributes
FLASH            0x0000000008000000 0x000000000003f000 xr
FLASH_CONFIG     0x000000000803f000 0x0000000000001000 r
RAM              0x0000000020000000 0x000000000000a000 xrw
MEMORY_B1        0x0000000060000000 0x0000000000000000 xr
*default*        0x0000000000000000 0xffffffffffffffff

Linker script and memory map

LOAD obj/main/SPRACINGF3/startup_stm32f30x_md_gcc.o
LOAD obj/main/SPRACINGF3/target/system_stm32f30x.o
LOAD /tmp/ccNcY1Gm.ltrans0.ltrans.o
LOAD /tmp/ccNcY1Gm.ltrans1.ltrans.o
LOAD /tmp/ccNcY1Gm.ltrans2.ltrans.o
LOAD /tmp/ccNcY1Gm.ltrans3.ltrans.o
LOAD /tmp/ccNcY1Gm.ltrans4.ltrans.o
LOAD /tmp/ccNcY1Gm.ltrans5.ltrans.o
LOAD /tmp/ccNcY1Gm.ltrans6.ltrans.o
LOAD /tmp/ccNcY1Gm.ltrans7.ltrans.o
LOAD /tmp/ccNcY1Gm.ltrans8.ltrans.o
LOAD /tmp/ccNcY1Gm.ltrans9.ltrans.o
LOAD /tmp/ccNcY1Gm.ltrans10.ltrans.o
LOAD /tmp/ccNcY1Gm.ltrans11.ltrans.o
LOAD /tmp/ccNcY1Gm.ltrans12.ltrans.o
LOAD /tmp/ccNcY1Gm.ltrans13.ltrans.o
LOAD /tmp/ccNcY1Gm.ltrans14.ltrans.o
LOAD /tmp/ccNcY1Gm.ltrans15.ltrans.o
LOAD /tmp/ccNcY1Gm.ltrans16.ltrans.o
LOAD /tmp/ccNcY1Gm.ltrans17.ltrans.o
LOAD /tmp/ccNcY1Gm.ltrans18.ltrans.o
LOAD /tmp/ccNcY1Gm.ltrans19.ltrans.o
LOAD /tmp/ccNcY1Gm.ltrans20.ltrans.o
LOAD obj/main/SPRACINGF3/drivers/adc.o
LOAD obj/main/SPRACINGF3/drivers/adc_stm32f30x.o
LOAD obj/main/SPRACINGF3/drivers/bus_i2c_stm32f30x.o
LOAD obj/main/SPRACINGF3/drivers/bus_spi.o
LOAD obj/main/SPRACINGF3/drivers/gpio_stm32f30x.o
LOAD obj/main/SPRACINGF3/drivers/light_led_stm32f30x.o
LOAD obj/main/SPRACINGF3/drivers/serial_uart.o
LOAD obj/main/SPRACINGF3/drivers/serial_uart_stm32f30x.o
LOAD obj/main/SPRACINGF3/drivers/sound_beeper_stm32f30x.o
LOAD obj/main/SPRACINGF3/drivers/system_stm32f30x.o
LOAD obj/main/SPRACINGF3/drivers/display_ug2864hsweg01.o
LOAD obj/main/SPRACINGF3/drivers/timer.o
LOAD obj/main/SPRACINGF3/drivers/timer_stm32f30x.o
LOAD obj/main/SPRACINGF3/drivers/pwm_mapping.o
LOAD obj/main/SPRACINGF3/drivers/pwm_output.o
LOAD obj/main/SPRACINGF3/drivers/pwm_rx.o
LOAD obj/main/SPRACINGF3/drivers/accgyro_mpu.o
LOAD obj/main/SPRACINGF3/drivers/accgyro_mpu6050.o
LOAD obj/main/SPRACINGF3/drivers/barometer_ms5611.o
LOAD obj/main/SPRACINGF3/drivers/compass_ak8975.o
LOAD obj/main/SPRACINGF3/drivers/compass_hmc5883l.o
LOAD obj/main/SPRACINGF3/drivers/flash_m25p16.o
LOAD obj/main/SPRACINGF3/drivers/light_ws2811strip.o
LOAD obj/main/SPRACINGF3/drivers/light_ws2811strip_stm32f30x.o
LOAD obj/main/SPRACINGF3/drivers/serial_softserial.o
LOAD obj/main/SPRACINGF3/drivers/sonar_hcsr04.o
LOAD obj/main/SPRACINGF3/io/flashfs.o
LOAD obj/main/SPRACINGF3/flight/gtune.o
LOAD obj/main/SPRACINGF3/flight/navigation.o
LOAD obj/main/SPRACINGF3/flight/gps_conversion.o
LOAD obj/main/SPRACINGF3/common/colorconversion.o
LOAD obj/main/SPRACINGF3/io/gps.o
LOAD obj/main/SPRACINGF3/io/display.o
LOAD obj/main/SPRACINGF3/telemetry/telemetry.o
LOAD obj/main/SPRACINGF3/telemetry/frsky.o
LOAD obj/main/SPRACINGF3/telemetry/hott.o
LOAD obj/main/SPRACINGF3/telemetry/smartport.o
LOAD obj/main/SPRACINGF3/telemetry/ltm.o
LOAD obj/main/SPRACINGF3/telemetry/mavlink.o
LOAD obj/main/SPRACINGF3/sensors/sonar.o
LOAD obj/main/SPRACINGF3/sensors/barometer.o
LOAD obj/main/SPRACINGF3/blackbox/blackbox.o
LOAD obj/main/SPRACINGF3/blackbox/blackbox_io.o
LOAD obj/main/SPRACINGF3/config/feature.o
LOAD obj/main/SPRACINGF3/config/profile.o
LOAD obj/main/SPRACINGF3/fc/boot.o
LOAD obj/main/SPRACINGF3/fc/cleanflight_fc.o
LOAD obj/main/SPRACINGF3/fc/fc_tasks.o
LOAD obj/main/SPRACINGF3/fc/rate_profile.o
LOAD obj/main/SPRACINGF3/fc/rc_adjustments.o
LOAD obj/main/SPRACINGF3/fc/rc_controls.o
LOAD obj/main/SPRACINGF3/fc/rc_curves.o
LOAD obj/main/SPRACINGF3/fc/fc_serial.o
LOAD obj/main/SPRACINGF3/fc/config.o
LOAD obj/main/SPRACINGF3/fc/runtime_config.o
LOAD obj/main/SPRACINGF3/fc/msp_server_fc.o
LOAD obj/main/SPRACINGF3/flight/altitudehold.o
LOAD obj/main/SPRACINGF3/flight/failsafe.o
LOAD obj/main/SPRACINGF3/flight/pid.o
LOAD obj/main/SPRACINGF3/flight/pid_luxfloat.o
LOAD obj/main/SPRACINGF3/flight/pid_mwrewrite.o
LOAD obj/main/SPRACINGF3/flight/pid_mw23.o
LOAD obj/main/SPRACINGF3/flight/imu.o
LOAD obj/main/SPRACINGF3/flight/mixer.o
LOAD obj/main/SPRACINGF3/flight/servos.o
LOAD obj/main/SPRACINGF3/drivers/bus_i2c_soft.o
LOAD obj/main/SPRACINGF3/drivers/exti.o
LOAD obj/main/SPRACINGF3/drivers/io.o
LOAD obj/main/SPRACINGF3/drivers/rcc.o
LOAD obj/main/SPRACINGF3/drivers/sound_beeper.o
LOAD obj/main/SPRACINGF3/drivers/gyro_sync.o
LOAD obj/main/SPRACINGF3/io/beeper.o
LOAD obj/main/SPRACINGF3/io/gimbal.o
LOAD obj/main/SPRACINGF3/io/motor_and_servo.o
LOAD obj/main/SPRACINGF3/io/serial_4way.o
LOAD obj/main/SPRACINGF3/io/serial_4way_avrootloader.o
LOAD obj/main/SPRACINGF3/io/serial_4way_stk500v2.o
LOAD obj/main/SPRACINGF3/io/serial_cli.o
LOAD obj/main/SPRACINGF3/io/statusindicator.o
LOAD obj/main/SPRACINGF3/rx/rx.o
LOAD obj/main/SPRACINGF3/rx/pwm.o
LOAD obj/main/SPRACINGF3/rx/msp.o
LOAD obj/main/SPRACINGF3/rx/sbus.o
LOAD obj/main/SPRACINGF3/rx/sumd.o
LOAD obj/main/SPRACINGF3/rx/sumh.o
LOAD obj/main/SPRACINGF3/rx/spektrum.o
LOAD obj/main/SPRACINGF3/rx/xbus.o
LOAD obj/main/SPRACINGF3/rx/ibus.o
LOAD obj/main/SPRACINGF3/rx/srxl.o
LOAD obj/main/SPRACINGF3/sensors/sensors.o
LOAD obj/main/SPRACINGF3/sensors/acceleration.o
LOAD obj/main/SPRACINGF3/sensors/battery.o
LOAD obj/main/SPRACINGF3/sensors/boardalignment.o
LOAD obj/main/SPRACINGF3/sensors/compass.o
LOAD obj/main/SPRACINGF3/sensors/gyro.o
LOAD obj/main/SPRACINGF3/sensors/initialisation.o
LOAD obj/main/SPRACINGF3/build/build_config.o
LOAD obj/main/SPRACINGF3/build/debug.o
LOAD obj/main/SPRACINGF3/build/version.o
LOAD obj/main/SPRACINGF3/config/config_streamer.o
LOAD obj/main/SPRACINGF3/config/parameter_group.o
LOAD obj/main/SPRACINGF3/config/config_eeprom.o
LOAD obj/main/SPRACINGF3/common/encoding.o
LOAD obj/main/SPRACINGF3/common/filter.o
LOAD obj/main/SPRACINGF3/common/maths.o
LOAD obj/main/SPRACINGF3/common/printf.o
LOAD obj/main/SPRACINGF3/common/streambuf.o
LOAD obj/main/SPRACINGF3/common/typeconversion.o
LOAD obj/main/SPRACINGF3/common/crc.o
LOAD obj/main/SPRACINGF3/drivers/buf_writer.o
LOAD obj/main/SPRACINGF3/drivers/dma.o
LOAD obj/main/SPRACINGF3/drivers/serial.o
LOAD obj/main/SPRACINGF3/drivers/system.o
LOAD obj/main/SPRACINGF3/scheduler/scheduler.o
LOAD obj/main/SPRACINGF3/io/serial.o
LOAD obj/main/SPRACINGF3/msp/msp.o
LOAD obj/main/SPRACINGF3/msp/msp_serial.o
LOAD obj/main/SPRACINGF3/drivers/nrf2401.o
LOAD obj/main/SPRACINGF3/drivers/bmp280.o
LOAD obj/main/SPRACINGF3/drivers/app.o
LOAD obj/main/SPRACINGF3/drivers/led.o
LOAD obj/main/SPRACINGF3/stm32f30x_rcc.o
LOAD obj/main/SPRACINGF3/stm32f30x_gpio.o
LOAD obj/main/SPRACINGF3/stm32f30x_comp.o
LOAD obj/main/SPRACINGF3/stm32f30x_opamp.o
LOAD obj/main/SPRACINGF3/stm32f30x_exti.o
LOAD obj/main/SPRACINGF3/stm32f30x_dma.o
LOAD obj/main/SPRACINGF3/stm32f30x_dbgmcu.o
LOAD obj/main/SPRACINGF3/stm32f30x_hrtim.o
LOAD obj/main/SPRACINGF3/stm32f30x_rtc.o
LOAD obj/main/SPRACINGF3/stm32f30x_pwr.o
LOAD obj/main/SPRACINGF3/stm32f30x_i2c.o
LOAD obj/main/SPRACINGF3/stm32f30x_iwdg.o
LOAD obj/main/SPRACINGF3/stm32f30x_flash.o
LOAD obj/main/SPRACINGF3/stm32f30x_syscfg.o
LOAD obj/main/SPRACINGF3/stm32f30x_usart.o
LOAD obj/main/SPRACINGF3/stm32f30x_dac.o
LOAD obj/main/SPRACINGF3/stm32f30x_misc.o
LOAD obj/main/SPRACINGF3/stm32f30x_tim.o
LOAD obj/main/SPRACINGF3/stm32f30x_adc.o
LOAD obj/main/SPRACINGF3/stm32f30x_spi.o
LOAD obj/main/SPRACINGF3/stm32f30x_wwdg.o
LOAD /usr/lib/gcc/arm-none-eabi/6.3.1/../../../arm-none-eabi/lib/thumb/v7e-m/fpv4-sp/hard/libm.a
LOAD /usr/lib/gcc/arm-none-eabi/6.3.1/../../../arm-none-eabi/lib/thumb/v7e-m/fpv4-sp/hard/libc_nano.a
LOAD /usr/lib/gcc/arm-none-eabi/6.3.1/../../../arm-none-eabi/lib/thumb/v7e-m/fpv4-sp/hard/libnosys.a
START GROUP
LOAD /usr/lib/gcc/arm-none-eabi/6.3.1/thumb/v7e-m/fpv4-sp/hard/libgcc.a
LOAD /usr/lib/gcc/arm-none-eabi/6.3.1/../../../arm-none-eabi/lib/thumb/v7e-m/fpv4-sp/hard/libg_nano.a
LOAD /usr/lib/gcc/arm-none-eabi/6.3.1/../../../arm-none-eabi/lib/thumb/v7e-m/fpv4-sp/hard/libc_nano.a
END GROUP
START GROUP
LOAD /usr/lib/gcc/arm-none-eabi/6.3.1/thumb/v7e-m/fpv4-sp/hard/libgcc.a
LOAD /usr/lib/gcc/arm-none-eabi/6.3.1/../../../arm-none-eabi/lib/thumb/v7e-m/fpv4-sp/hard/libc_nano.a
END GROUP
                0x000000002000a000                _estack = (ORIGIN (RAM) + LENGTH (RAM))
                0x000000000803f000                __config_start = (ORIGIN (FLASH) + LENGTH (FLASH))
                0x0000000008040000                __config_end = (ORIGIN (FLASH_CONFIG) + LENGTH (FLASH_CONFIG))
                0x0000000000000000                _Min_Heap_Size = 0x0
                0x0000000000000400                _Min_Stack_Size = 0x400

.isr_vector     0x0000000008000000      0x188
                0x0000000008000000                . = ALIGN (0x4)
                [!provide]                        PROVIDE (isr_vector_table_base, .)
 *(.isr_vector)
 .isr_vector    0x0000000008000000      0x188 obj/main/SPRACINGF3/startup_stm32f30x_md_gcc.o
                0x0000000008000000                g_pfnVectors
                0x0000000008000188                . = ALIGN (0x4)

.text           0x00000000080001c0    0x12594
                0x00000000080001c0                . = ALIGN (0x4)
 *(.text)
 .text          0x00000000080001c0     0x1370 /tmp/ccNcY1Gm.ltrans1.ltrans.o
                0x00000000080001c0                mspSerialProcess
 .text          0x0000000008001530     0x1028 /tmp/ccNcY1Gm.ltrans2.ltrans.o
                0x0000000008001530                taskUpdateRxMain
 .text          0x0000000008002558      0xd50 /tmp/ccNcY1Gm.ltrans3.ltrans.o
                0x0000000008002558                pwmOverflowCallback.lto_priv.267
                0x0000000008002580                ppmEdgeCallback.lto_priv.268
                0x00000000080026d4                ppmOverflowCallback.lto_priv.269
                0x000000000800270c                pwmWriteStandard.lto_priv.264
                0x000000000800271c                pwmWriteBrushed.lto_priv.265
                0x0000000008002846                uartRead
                0x0000000008002876                isUartTransmitBufferEmpty
                0x000000000800288c                uartTotalTxBytesFree
                0x00000000080028b4                uartTotalRxBytesWaiting
                0x0000000008002918                handleUsartTxDma.lto_priv.112
                0x0000000008002954                uartWrite
                0x00000000080029a4                pwmEdgeCallback.lto_priv.266
                0x0000000008002a8e                TIM1_TRG_COM_TIM17_IRQHandler
                0x0000000008002a9c                TIM1_BRK_TIM15_IRQHandler
                0x0000000008002aac                TIM4_IRQHandler
                0x0000000008002abc                TIM3_IRQHandler
                0x0000000008002acc                TIM2_IRQHandler
                0x0000000008002ad8                TIM1_UP_TIM16_IRQHandler
                0x0000000008002afc                TIM1_CC_IRQHandler
                0x0000000008002b0c                timerConfigure
                0x0000000008002b60                lookupTimerIndex.lto_priv.189
                0x0000000008002bb8                timerChConfigCallbacks
                0x0000000008002c60                USART3_IRQHandler
                0x0000000008002c68                USART2_IRQHandler
                0x0000000008002c70                USART1_IRQHandler
                0x0000000008002c78                uartReconfigure.lto_priv.114
                0x0000000008002d9c                uartSetMode
                0x0000000008002da0                uartSetBaudRate
                0x0000000008002da4                gpioInit
                0x0000000008002df8                pwmOutConfig.lto_priv.272
                0x0000000008003020                i2cRead
                0x0000000008003150                i2cWrite
                0x0000000008003240                SystemInit
 .text          0x00000000080032a8     0x12a4 /tmp/ccNcY1Gm.ltrans4.ltrans.o
                0x00000000080032a8                taskMainPidLoopChecker
 .text          0x000000000800454c      0xe00 /tmp/ccNcY1Gm.ltrans5.ltrans.o
                0x000000000800454c                cliHelp.lto_priv.217
                0x0000000008004598                cliFeature.lto_priv.216
                0x00000000080046a8                cliExit.lto_priv.215
                0x0000000008004798                cliAux.lto_priv.213
                0x0000000008004880                cliShowParseError.lto_priv.145
                0x000000000800488c                cliMap.lto_priv.218
                0x0000000008004934                cliRxRange.lto_priv.220
                0x0000000008004a00                cliMotorMix.lto_priv.219
                0x0000000008004c20                cliAdjustmentRange.lto_priv.212
                0x0000000008004d68                cliSerial.lto_priv.222
                0x0000000008004ed0                cliRxFail.lto_priv.221
                0x0000000008004fe4                cliDump.lto_priv.214
                0x00000000080052ac                cliPrompt.lto_priv.119
                0x00000000080052c8                _CMD_LOAD_ADDRESS.isra.1.lto_priv.171
                0x0000000008005320                Stk_SignOn
 .text          0x000000000800534c      0xd20 /tmp/ccNcY1Gm.ltrans6.ltrans.o
                0x0000000008005d12                msp4WayIfFn
                0x0000000008005d26                writeByteCrc.lto_priv.169
                0x0000000008005d60                readByteCrc.lto_priv.170
                0x0000000008005da4                EXTI15_10_IRQHandler
                0x0000000008005da8                EXTI0_IRQHandler
                0x0000000008005dac                EXTI9_5_IRQHandler
                0x0000000008005db0                EXTI4_IRQHandler
                0x0000000008005db4                EXTI3_IRQHandler
                0x0000000008005db8                EXTI2_TS_IRQHandler
                0x0000000008005dbc                EXTI1_IRQHandler
                0x0000000008005dc0                writeMotors
                0x0000000008005e78                stopMotors
                0x0000000008005ec4                mspRebootFn
                0x0000000008005ee4                mixerResetDisarmedMotors
                0x0000000008005f1c                imuComputeRotationMatrix.lto_priv.239
                0x0000000008005fd8                pidSetController
                0x0000000008005ffc                failsafeActivate.lto_priv.202
                0x0000000008006038                findBoxByBoxId.lto_priv.117
                0x000000000800605c                disableFlightMode
 .text          0x000000000800606c      0xaec /tmp/ccNcY1Gm.ltrans7.ltrans.o
                0x00000000080060f2                setTaskEnabled
                0x00000000080061a0                micros
                0x00000000080061d0                delayMicroseconds
                0x00000000080061e6                delay
                0x00000000080061fa                waitForSerialPortToFinishTransmitting
                0x0000000008006212                failureMode
                0x0000000008006264                SysTick_Handler
                0x0000000008006274                serialEndWrite
                0x000000000800627e                serialBeginWrite
                0x0000000008006288                serialRead
                0x000000000800628e                serialRxBytesWaiting
                0x0000000008006294                serialWrite
                0x00000000080062d6                mspSerialEncode
                0x000000000800635e                serialWriteBufShim
                0x0000000008006360                _putc.lto_priv.271
                0x000000000800636c                DMA1_Channel7_IRQHandler
                0x0000000008006374                DMA1_Channel6_IRQHandler
                0x000000000800637c                DMA1_Channel5_IRQHandler
                0x0000000008006384                DMA1_Channel4_IRQHandler
                0x000000000800638c                DMA1_Channel3_IRQHandler
                0x0000000008006394                DMA1_Channel2_IRQHandler
                0x000000000800639c                DMA1_Channel1_IRQHandler
                0x00000000080063a4                bufWriterFlush
                0x00000000080063bc                bufWriterAppend
                0x00000000080063dc                fastA2F
                0x00000000080064ec                ftoa
                0x00000000080065b4                _i2a.lto_priv.115
                0x00000000080065dc                uli2a
                0x00000000080065dc                ui2a
                0x0000000008006628                sbufReadU32
                0x0000000008006654                sbufReadU16
                0x000000000800666a                sbufWriteData
                0x000000000800667e                sbufWriteU32
                0x00000000080066a6                sbufWriteU16
                0x00000000080066ba                quickMedianFilter3
                0x00000000080066d8                applyDeadband
                0x00000000080066f6                acosf
                0x000000000800675c                atan2f
                0x0000000008006840                sinf
                0x0000000008006904                cosf
                0x0000000008006914                pt1FilterApply4
                0x000000000800696c                pgActivateProfile
                0x0000000008006998                pgResetInstance.lto_priv.195
                0x00000000080069e0                scanEEPROM.part.4
                0x0000000008006acc                pgResetCurrent
                0x0000000008006ade                write_word.lto_priv.194
                0x0000000008006b26                config_streamer_write
 .text          0x0000000008006b58      0xa40 /tmp/ccNcY1Gm.ltrans8.ltrans.o
                0x0000000008006b58                pgResetFn_serialConfig
                0x0000000008006ba4                pgResetFn_controlRateProfiles
                0x0000000008006bc4                taskCalculateAltitude
                0x0000000008006e3c                enableFlightMode
                0x0000000008006e4c                handleOneshotFeatureChangeOnRestart
                0x0000000008006ea0                writeEEPROM
                0x0000000008007084                resetConf.lto_priv.118
                0x000000000800714c                generateThrottleCurve
                0x00000000080071d8                generateYawCurve
                0x0000000008007210                generatePitchRollCurve
                0x000000000800724c                readEEPROM
                0x0000000008007528                isRangeActive.part.0
                0x0000000008007570                getRcStickDeflection
 .text          0x0000000008007598      0x768 /tmp/ccNcY1Gm.ltrans9.ltrans.o
                0x000000000800767c                mpuIsDataReady
                0x0000000008007690                mpuGyroRead
                0x00000000080076d4                mpuAccRead
                0x00000000080078ee                mpuWriteRegisterI2C.lto_priv.259
                0x00000000080078f8                mpuReadRegisterI2C.lto_priv.258
                0x0000000008007ac4                mpu6050GyroInit.lto_priv.257
                0x0000000008007b28                mpu6050AccInit.lto_priv.256
                0x0000000008007b50                openSoftSerial
                0x0000000008007cc4                pwmICConfig
 .text          0x0000000008007d00      0x600 /tmp/ccNcY1Gm.ltrans10.ltrans.o
                0x0000000008007d00                uartOpen.constprop.70
                0x00000000080080c4                FLASH_WaitForLastOperation.constprop.32
                0x00000000080080e8                parseRcChannels.constprop.27
                0x0000000008008124                calculateThrottleStatus.constprop.24
                0x0000000008008158                setAdjustment.isra.0.constprop.23
                0x000000000800816a                putchw.constprop.4
                0x00000000080081be                itoa.constprop.1
                0x00000000080081e2                TIM_ICInit
 .text          0x0000000008008300      0xa48 /tmp/ccNcY1Gm.ltrans11.ltrans.o
                0x0000000008008300                LED_loop
                0x00000000080083ec                App_DataReceive.lto_priv.245
                0x0000000008008464                FLASH_ErasePage.part.4
                0x000000000800848c                FLASH_GetStatus
                0x00000000080084b4                FLASH_ProgramWord
                0x00000000080084fc                FLASH_Unlock
                0x0000000008008518                I2C_Init
                0x0000000008008578                DMA_Init
                0x00000000080085b4                DMA_DeInit
                0x00000000080086a8                GPIO_Init
                0x0000000008008736                RCC_GetClocksFreq
                0x0000000008008a20                calculate_real_pressure
                0x0000000008008b30                Read_data
                0x0000000008008b74                taskBMP280
                0x0000000008008cc0                SetRX_Mode
                0x0000000008008d24                NRF_Read_Buf.lto_priv.203
 .text          0x0000000008008d48      0x740 /tmp/ccNcY1Gm.ltrans12.ltrans.o
                0x0000000008008d48                taskUpdateRxCheck
                0x0000000008008e00                taskUpdateBattery
                0x0000000008009040                taskHandleSerial
                0x0000000008009278                taskUpdateAccelerometer
 .text          0x0000000008009488      0x590 /tmp/ccNcY1Gm.ltrans13.ltrans.o
                0x0000000008009488                esc4wayProcess
 .text          0x0000000008009a18      0x670 /tmp/ccNcY1Gm.ltrans14.ltrans.o
                0x0000000008009b40                StkRcvPacket.lto_priv.165
                0x0000000008009c18                StkSendByte.lto_priv.163
                0x0000000008009ca0                StkSendPacketFooter.lto_priv.164
                0x0000000008009cdc                StkSendPacketHeader.lto_priv.162
                0x0000000008009d3c                _CMD_PROGRAM_MEM_ISP.lto_priv.172
                0x0000000008009db4                _CMD_READ_MEM_ISP.lto_priv.174
                0x0000000008009dec                crc16Byte.lto_priv.180
                0x0000000008009e10                BL_SendBuf.lto_priv.177
                0x0000000008009e88                suart_getc.lto_priv.179
                0x0000000008009f14                BL_GetACK.lto_priv.178
                0x0000000008009f2c                BL_SendCMDSetAddress.isra.1.lto_priv.176
                0x0000000008009f70                BL_ReadA.lto_priv.175
                0x000000000800a004                BL_WriteA.lto_priv.173
 .text          0x000000000800a088      0x5c4 /tmp/ccNcY1Gm.ltrans15.ltrans.o
                0x000000000800a088                cliPutp.lto_priv.113
                0x000000000800a08c                cliVarPtr.lto_priv.131
                0x000000000800a0f0                cliWrite.lto_priv.161
                0x000000000800a100                cliPrintf.lto_priv.129
                0x000000000800a2d4                cliPrintVar.lto_priv.130
                0x000000000800a3b4                cliRateProfile.lto_priv.154
                0x000000000800a400                cliProfile.lto_priv.153
                0x000000000800a43c                cliPlaySound.lto_priv.152
                0x000000000800a478                cliMotor.lto_priv.151
                0x000000000800a518                cliPrint.lto_priv.120
                0x000000000800a534                cliMixer.lto_priv.150
                0x000000000800a5dc                cliReboot.lto_priv.160
                0x000000000800a618                cliDefaults.lto_priv.148
                0x000000000800a634                cliSave.lto_priv.155
 .text          0x000000000800a64c      0x784 /tmp/ccNcY1Gm.ltrans16.ltrans.o
                0x000000000800a64c                pgResetFn_accelerometerConfig
                0x000000000800a678                rxMspReadRawRC.lto_priv.253
                0x000000000800a684                ppmReadRawRC.lto_priv.252
                0x000000000800a690                pwmReadRawRC.lto_priv.251
                0x000000000800a69c                nullReadRawRC.lto_priv.201
                0x000000000800a6a0                pgResetFn_failsafeChannelConfigs
                0x000000000800a704                pgResetFn_channelRanges
                0x000000000800a71e                cliVersion.lto_priv.159
                0x000000000800a754                cliTasks.lto_priv.158
                0x000000000800a814                cliStatus.lto_priv.157
                0x000000000800a93c                cliGet.lto_priv.149
                0x000000000800a9a4                cliSet.lto_priv.156
                0x000000000800abb8                alignSensors
                0x000000000800acbc                batteryAdcToVoltage
                0x000000000800acf0                updateBatteryVoltage.lto_priv.223
                0x000000000800ad78                resumeRxSignal
                0x000000000800ada4                suspendRxSignal
 .text          0x000000000800add0       0xdc /tmp/ccNcY1Gm.ltrans17.ltrans.o
                0x000000000800add0                spiTransferByte.constprop.84
                0x000000000800ae10                spiTransfer.constprop.83
                0x000000000800ae70                NVIC_Init.part.0.constprop.78
 .text          0x000000000800aeac       0xc4 /tmp/ccNcY1Gm.ltrans18.ltrans.o
                0x000000000800aeac                mwArm
                0x000000000800af0c                mwDisarm
                0x000000000800af20                isCalibrating
                0x000000000800af58                HardFault_Handler
 .text          0x000000000800af70       0xa8 /tmp/ccNcY1Gm.ltrans19.ltrans.o
                0x000000000800af70                taskUpdateBaro
 .text          0x000000000800b018       0x24 /tmp/ccNcY1Gm.ltrans20.ltrans.o
                0x000000000800b018                NRF_Write_Reg.lto_priv.116
 .text          0x000000000800b03c       0x10 /usr/lib/gcc/arm-none-eabi/6.3.1/../../../arm-none-eabi/lib/thumb/v7e-m/fpv4-sp/hard/libc_nano.a(lib_a-atoi.o)
                0x000000000800b03c                atoi
                0x000000000800b044                _atoi_r
 .text          0x000000000800b04c       0x6c /usr/lib/gcc/arm-none-eabi/6.3.1/../../../arm-none-eabi/lib/thumb/v7e-m/fpv4-sp/hard/libc_nano.a(lib_a-strtok_r.o)
                0x000000000800b04c                __strtok_r
                0x000000000800b0b0                strtok_r
 .text          0x000000000800b0b8      0x128 /usr/lib/gcc/arm-none-eabi/6.3.1/../../../arm-none-eabi/lib/thumb/v7e-m/fpv4-sp/hard/libc_nano.a(lib_a-strtol.o)
                0x000000000800b0b8                _strtol_r
                0x000000000800b1c8                strtol
 .text          0x000000000800b1e0       0x98 /usr/lib/gcc/arm-none-eabi/6.3.1/../../../arm-none-eabi/lib/thumb/v7e-m/fpv4-sp/hard/libm.a(lib_a-sf_lrint.o)
                0x000000000800b1e0                lrintf
 .text          0x000000000800b278      0x320 /usr/lib/gcc/arm-none-eabi/6.3.1/../../../arm-none-eabi/lib/thumb/v7e-m/fpv4-sp/hard/libm.a(lib_a-w_pow.o)
                0x000000000800b278                pow
 .text          0x000000000800b598       0xac /usr/lib/gcc/arm-none-eabi/6.3.1/../../../arm-none-eabi/lib/thumb/v7e-m/fpv4-sp/hard/libm.a(lib_a-wf_sqrt.o)
                0x000000000800b598                sqrtf
 *fill*         0x000000000800b644        0x4 
 .text          0x000000000800b648      0xae0 /usr/lib/gcc/arm-none-eabi/6.3.1/../../../arm-none-eabi/lib/thumb/v7e-m/fpv4-sp/hard/libm.a(lib_a-e_pow.o)
                0x000000000800b648                __ieee754_pow
 .text          0x000000000800c128      0x198 /usr/lib/gcc/arm-none-eabi/6.3.1/../../../arm-none-eabi/lib/thumb/v7e-m/fpv4-sp/hard/libm.a(lib_a-e_sqrt.o)
                0x000000000800c128                __ieee754_sqrt
 .text          0x000000000800c2c0       0xa0 /usr/lib/gcc/arm-none-eabi/6.3.1/../../../arm-none-eabi/lib/thumb/v7e-m/fpv4-sp/hard/libm.a(lib_a-ef_sqrt.o)
                0x000000000800c2c0                __ieee754_sqrtf
 .text          0x000000000800c360       0x10 /usr/lib/gcc/arm-none-eabi/6.3.1/../../../arm-none-eabi/lib/thumb/v7e-m/fpv4-sp/hard/libm.a(lib_a-s_fabs.o)
                0x000000000800c360                fabs
 .text          0x000000000800c370       0x10 /usr/lib/gcc/arm-none-eabi/6.3.1/../../../arm-none-eabi/lib/thumb/v7e-m/fpv4-sp/hard/libm.a(lib_a-s_finite.o)
                0x000000000800c370                finite
 .text          0x000000000800c380        0x4 /usr/lib/gcc/arm-none-eabi/6.3.1/../../../arm-none-eabi/lib/thumb/v7e-m/fpv4-sp/hard/libm.a(lib_a-s_matherr.o)
                0x000000000800c380                matherr
 *fill*         0x000000000800c384        0x4 
 .text          0x000000000800c388       0x10 /usr/lib/gcc/arm-none-eabi/6.3.1/../../../arm-none-eabi/lib/thumb/v7e-m/fpv4-sp/hard/libm.a(lib_a-s_nan.o)
                0x000000000800c388                nan
 .text          0x000000000800c398      0x124 /usr/lib/gcc/arm-none-eabi/6.3.1/../../../arm-none-eabi/lib/thumb/v7e-m/fpv4-sp/hard/libm.a(lib_a-s_rint.o)
                0x000000000800c398                rint
 *fill*         0x000000000800c4bc        0x4 
 .text          0x000000000800c4c0      0x10c /usr/lib/gcc/arm-none-eabi/6.3.1/../../../arm-none-eabi/lib/thumb/v7e-m/fpv4-sp/hard/libm.a(lib_a-s_scalbn.o)
                0x000000000800c4c0                scalbn
 .text          0x000000000800c5cc       0x1c /usr/lib/gcc/arm-none-eabi/6.3.1/../../../arm-none-eabi/lib/thumb/v7e-m/fpv4-sp/hard/libm.a(lib_a-s_copysign.o)
                0x000000000800c5cc                copysign
 .text          0x000000000800c5e8        0xc /usr/lib/gcc/arm-none-eabi/6.3.1/../../../arm-none-eabi/lib/thumb/v7e-m/fpv4-sp/hard/libc_nano.a(lib_a-errno.o)
                0x000000000800c5e8                __errno
 .text          0x000000000800c5f4       0x60 /usr/lib/gcc/arm-none-eabi/6.3.1/../../../arm-none-eabi/lib/thumb/v7e-m/fpv4-sp/hard/libc_nano.a(lib_a-memcmp.o)
                0x000000000800c5f4                memcmp
 .text          0x000000000800c654      0x134 /usr/lib/gcc/arm-none-eabi/6.3.1/../../../arm-none-eabi/lib/thumb/v7e-m/fpv4-sp/hard/libc_nano.a(lib_a-memcpy.o)
                0x000000000800c654                memcpy
 .text          0x000000000800c788       0xc8 /usr/lib/gcc/arm-none-eabi/6.3.1/../../../arm-none-eabi/lib/thumb/v7e-m/fpv4-sp/hard/libc_nano.a(lib_a-memmove.o)
                0x000000000800c788                memmove
 .text          0x000000000800c850       0x9c /usr/lib/gcc/arm-none-eabi/6.3.1/../../../arm-none-eabi/lib/thumb/v7e-m/fpv4-sp/hard/libc_nano.a(lib_a-memset.o)
                0x000000000800c850                memset
 .text          0x000000000800c8ec       0x4c /usr/lib/gcc/arm-none-eabi/6.3.1/../../../arm-none-eabi/lib/thumb/v7e-m/fpv4-sp/hard/libc_nano.a(lib_a-strcasecmp.o)
                0x000000000800c8ec                strcasecmp
 .text          0x000000000800c938       0x40 /usr/lib/gcc/arm-none-eabi/6.3.1/../../../arm-none-eabi/lib/thumb/v7e-m/fpv4-sp/hard/libc_nano.a(lib_a-strcat.o)
                0x000000000800c938                strcat
 .text          0x000000000800c978       0xe8 /usr/lib/gcc/arm-none-eabi/6.3.1/../../../arm-none-eabi/lib/thumb/v7e-m/fpv4-sp/hard/libc_nano.a(lib_a-strchr.o)
                0x000000000800c978                strchr
 .text          0x000000000800ca60      0x2dc /usr/lib/gcc/arm-none-eabi/6.3.1/../../../arm-none-eabi/lib/thumb/v7e-m/fpv4-sp/hard/libc_nano.a(lib_a-strcmp.o)
                0x000000000800ca68                strcmp
 .text          0x000000000800cd3c       0xbc /usr/lib/gcc/arm-none-eabi/6.3.1/../../../arm-none-eabi/lib/thumb/v7e-m/fpv4-sp/hard/libc_nano.a(lib_a-strcpy.o)
                0x000000000800cd3c                strcpy
 *fill*         0x000000000800cdf8        0x8 
 .text          0x000000000800ce00       0xdc /usr/lib/gcc/arm-none-eabi/6.3.1/../../../arm-none-eabi/lib/thumb/v7e-m/fpv4-sp/hard/libc_nano.a(lib_a-strlen.o)
                0x000000000800ce00                strlen
 .text          0x000000000800cedc       0x58 /usr/lib/gcc/arm-none-eabi/6.3.1/../../../arm-none-eabi/lib/thumb/v7e-m/fpv4-sp/hard/libc_nano.a(lib_a-strncasecmp.o)
                0x000000000800cedc                strncasecmp
 .text          0x000000000800cf34       0x64 /usr/lib/gcc/arm-none-eabi/6.3.1/../../../arm-none-eabi/lib/thumb/v7e-m/fpv4-sp/hard/libc_nano.a(lib_a-strncpy.o)
                0x000000000800cf34                strncpy
 .text          0x000000000800cf98      0x4c8 /usr/lib/gcc/arm-none-eabi/6.3.1/../../../arm-none-eabi/lib/thumb/v7e-m/fpv4-sp/hard/libc_nano.a(lib_a-strstr.o)
                0x000000000800d248                strstr
 .text          0x000000000800d460       0xa0 /usr/lib/gcc/arm-none-eabi/6.3.1/../../../arm-none-eabi/lib/thumb/v7e-m/fpv4-sp/hard/libc_nano.a(lib_a-memchr.o)
                0x000000000800d460                memchr
 .text          0x000000000800d500      0x370 /usr/lib/gcc/arm-none-eabi/6.3.1/thumb/v7e-m/fpv4-sp/hard/libgcc.a(_arm_addsubdf3.o)
                0x000000000800d500                __aeabi_drsub
                0x000000000800d508                __aeabi_dsub
                0x000000000800d508                __subdf3
                0x000000000800d50c                __adddf3
                0x000000000800d50c                __aeabi_dadd
                0x000000000800d784                __aeabi_ui2d
                0x000000000800d784                __floatunsidf
                0x000000000800d7a4                __floatsidf
                0x000000000800d7a4                __aeabi_i2d
                0x000000000800d7c8                __extendsfdf2
                0x000000000800d7c8                __aeabi_f2d
                0x000000000800d804                __aeabi_ul2d
                0x000000000800d804                __floatundidf
                0x000000000800d814                __floatdidf
                0x000000000800d814                __aeabi_l2d
 .text          0x000000000800d870      0x424 /usr/lib/gcc/arm-none-eabi/6.3.1/thumb/v7e-m/fpv4-sp/hard/libgcc.a(_arm_muldivdf3.o)
                0x000000000800d870                __aeabi_dmul
                0x000000000800d870                __muldf3
                0x000000000800dac4                __aeabi_ddiv
                0x000000000800dac4                __divdf3
 .text          0x000000000800dc94      0x110 /usr/lib/gcc/arm-none-eabi/6.3.1/thumb/v7e-m/fpv4-sp/hard/libgcc.a(_arm_cmpdf2.o)
                0x000000000800dc94                __gtdf2
                0x000000000800dc94                __gedf2
                0x000000000800dc9c                __ltdf2
                0x000000000800dc9c                __ledf2
                0x000000000800dca4                __cmpdf2
                0x000000000800dca4                __eqdf2
                0x000000000800dca4                __nedf2
                0x000000000800dd20                __aeabi_cdrcmple
                0x000000000800dd30                __aeabi_cdcmple
                0x000000000800dd30                __aeabi_cdcmpeq
                0x000000000800dd40                __aeabi_dcmpeq
                0x000000000800dd54                __aeabi_dcmplt
                0x000000000800dd68                __aeabi_dcmple
                0x000000000800dd7c                __aeabi_dcmpge
                0x000000000800dd90                __aeabi_dcmpgt
 .text          0x000000000800dda4       0x2c /usr/lib/gcc/arm-none-eabi/6.3.1/thumb/v7e-m/fpv4-sp/hard/libgcc.a(_arm_unorddf2.o)
                0x000000000800dda4                __aeabi_dcmpun
                0x000000000800dda4                __unorddf2
 .text          0x000000000800ddd0       0xa0 /usr/lib/gcc/arm-none-eabi/6.3.1/thumb/v7e-m/fpv4-sp/hard/libgcc.a(_arm_truncdfsf2.o)
                0x000000000800ddd0                __aeabi_d2f
                0x000000000800ddd0                __truncdfsf2
 .text          0x000000000800de70       0xa0 /usr/lib/gcc/arm-none-eabi/6.3.1/thumb/v7e-m/fpv4-sp/hard/libgcc.a(_aeabi_ldivmod.o)
                0x000000000800de70                __aeabi_ldivmod
 .text          0x000000000800df10       0x28 /usr/lib/gcc/arm-none-eabi/6.3.1/thumb/v7e-m/fpv4-sp/hard/libgcc.a(_popcountsi2.o)
                0x000000000800df10                __popcountsi2
 .text          0x000000000800df38      0x2dc /usr/lib/gcc/arm-none-eabi/6.3.1/thumb/v7e-m/fpv4-sp/hard/libgcc.a(_udivmoddi4.o)
                0x000000000800df38                __udivmoddi4
 .text          0x000000000800e214        0x4 /usr/lib/gcc/arm-none-eabi/6.3.1/thumb/v7e-m/fpv4-sp/hard/libgcc.a(_dvmd_tls.o)
                0x000000000800e214                __aeabi_ldiv0
                0x000000000800e214                __aeabi_idiv0
 *(.text*)
 .text.Reset_Handler
                0x000000000800e218       0x68 obj/main/SPRACINGF3/startup_stm32f30x_md_gcc.o
                0x000000000800e218                Reset_Handler
 .text.Default_Handler
                0x000000000800e280        0x2 obj/main/SPRACINGF3/startup_stm32f30x_md_gcc.o
                0x000000000800e280                RTC_Alarm_IRQHandler
                0x000000000800e280                TIM8_TRG_COM_IRQHandler
                0x000000000800e280                TIM8_CC_IRQHandler
                0x000000000800e280                DebugMon_Handler
                0x000000000800e280                USB_HP_IRQHandler
                0x000000000800e280                PVD_IRQHandler
                0x000000000800e280                PendSV_Handler
                0x000000000800e280                NMI_Handler
                0x000000000800e280                I2C2_EV_IRQHandler
                0x000000000800e280                FPU_IRQHandler
                0x000000000800e280                UsageFault_Handler
                0x000000000800e280                ADC1_2_IRQHandler
                0x000000000800e280                SPI1_IRQHandler
                0x000000000800e280                TIM6_DAC_IRQHandler
                0x000000000800e280                TIM8_UP_IRQHandler
                0x000000000800e280                DMA2_Channel2_IRQHandler
                0x000000000800e280                CAN1_RX1_IRQHandler
                0x000000000800e280                UART5_IRQHandler
                0x000000000800e280                ADC3_IRQHandler
                0x000000000800e280                DMA2_Channel1_IRQHandler
                0x000000000800e280                I2C1_EV_IRQHandler
                0x000000000800e280                UART4_IRQHandler
                0x000000000800e280                DMA2_Channel4_IRQHandler
                0x000000000800e280                RCC_IRQHandler
                0x000000000800e280                Default_Handler
                0x000000000800e280                USBWakeUp_RMP_IRQHandler
                0x000000000800e280                TIM7_IRQHandler
                0x000000000800e280                TAMPER_STAMP_IRQHandler
                0x000000000800e280                RTC_WKUP_IRQHandler
                0x000000000800e280                SPI2_IRQHandler
                0x000000000800e280                MemManage_Handler
                0x000000000800e280                SVC_Handler
                0x000000000800e280                DMA2_Channel5_IRQHandler
                0x000000000800e280                USB_LP_IRQHandler
                0x000000000800e280                USB_LP_CAN1_RX0_IRQHandler
                0x000000000800e280                USB_HP_CAN1_TX_IRQHandler
                0x000000000800e280                ADC4_IRQHandler
                0x000000000800e280                WWDG_IRQHandler
                0x000000000800e280                COMP7_IRQHandler
                0x000000000800e280                COMP1_2_3_IRQHandler
                0x000000000800e280                COMP4_5_6_IRQHandler
                0x000000000800e280                I2C2_ER_IRQHandler
                0x000000000800e280                TIM8_BRK_IRQHandler
                0x000000000800e280                CAN1_SCE_IRQHandler
                0x000000000800e280                FLASH_IRQHandler
                0x000000000800e280                BusFault_Handler
                0x000000000800e280                SPI3_IRQHandler
                0x000000000800e280                I2C1_ER_IRQHandler
                0x000000000800e280                USBWakeUp_IRQHandler
                0x000000000800e280                DMA2_Channel3_IRQHandler
 *fill*         0x000000000800e282        0x2 
 .text.startup  0x000000000800e284     0x1b78 /tmp/ccNcY1Gm.ltrans0.ltrans.o
                0x000000000800e284                main
 *(.rodata)
 .rodata        0x000000000800fdfc      0x1b8 /tmp/ccNcY1Gm.ltrans0.ltrans.o
                0x000000000800fdfc                ioDefUsedMask.lto_priv.276
                0x000000000800fe08                timerHardware
 .rodata        0x000000000800ffb4      0x128 /tmp/ccNcY1Gm.ltrans1.ltrans.o
                0x000000000800fff0                boxes.lto_priv.188
                0x00000000080100d0                shortGitRevision
                0x00000000080100d4                buildTime
                0x00000000080100d8                buildDate
 .rodata        0x00000000080100dc      0x788 /tmp/ccNcY1Gm.ltrans5.ltrans.o
                0x00000000080100dc                cmdTable
                0x0000000008010378                baudRates
                0x00000000080107b4                mixerQuadX.lto_priv.262
 .rodata        0x0000000008010864       0x12 /tmp/ccNcY1Gm.ltrans8.ltrans.o
                0x0000000008010864                serialPortIdentifiers
 *fill*         0x0000000008010876        0x2 
 .rodata        0x0000000008010878       0x48 /tmp/ccNcY1Gm.ltrans9.ltrans.o
 .rodata        0x00000000080108c0       0x3d /tmp/ccNcY1Gm.ltrans10.ltrans.o
                0x00000000080108e8                rcChannelLetters
 .rodata        0x00000000080108fd       0x18 /tmp/ccNcY1Gm.ltrans13.ltrans.o
 *fill*         0x0000000008010915        0x3 
 .rodata        0x0000000008010918       0x68 /tmp/ccNcY1Gm.ltrans15.ltrans.o
                0x0000000008010918                mixerNames.lto_priv.146
 .rodata        0x0000000008010980      0x9f4 /tmp/ccNcY1Gm.ltrans16.ltrans.o
                0x0000000008010a60                valueTable
                0x000000000801127c                lookupTables.lto_priv.132
                0x00000000080112cc                lookupTablePidDeltaMethod.lto_priv.144
                0x00000000080112d4                lookupTableGyroLpf.lto_priv.143
                0x00000000080112ec                lookupTableGyroFilter.lto_priv.142
                0x00000000080112fc                lookupTableSerialRX.lto_priv.141
                0x000000000801131c                lookupTablePidController.lto_priv.140
                0x0000000008011328                lookupTableGimbalMode.lto_priv.139
                0x0000000008011330                lookupTableCurrentSensor.lto_priv.138
                0x000000000801133c                lookupTableAlignment.lto_priv.137
                0x0000000008011360                lookupTableUnit.lto_priv.136
                0x0000000008011368                lookupTableOffOn.lto_priv.135
                0x0000000008011370                SystemCoreClock
 .rodata        0x0000000008011374      0x101 /usr/lib/gcc/arm-none-eabi/6.3.1/../../../arm-none-eabi/lib/thumb/v7e-m/fpv4-sp/hard/libc_nano.a(lib_a-ctype_.o)
                0x0000000008011374                _ctype_
 *fill*         0x0000000008011475        0x3 
 .rodata        0x0000000008011478        0x8 /usr/lib/gcc/arm-none-eabi/6.3.1/../../../arm-none-eabi/lib/thumb/v7e-m/fpv4-sp/hard/libm.a(lib_a-sf_lrint.o)
 .rodata        0x0000000008011480       0x10 /usr/lib/gcc/arm-none-eabi/6.3.1/../../../arm-none-eabi/lib/thumb/v7e-m/fpv4-sp/hard/libm.a(lib_a-s_rint.o)
 *(.rodata*)
 .rodata.str1.1
                0x0000000008011490      0x12b /tmp/ccNcY1Gm.ltrans1.ltrans.o
                                        0x12f (size before relaxing)
 .rodata.str1.1
                0x00000000080115bb        0x4 /tmp/ccNcY1Gm.ltrans2.ltrans.o
 .rodata.str1.1
                0x00000000080115bf      0x5d6 /tmp/ccNcY1Gm.ltrans5.ltrans.o
                                        0x649 (size before relaxing)
 .rodata.str1.1
                0x0000000008011b95       0x61 /tmp/ccNcY1Gm.ltrans7.ltrans.o
                                         0x6d (size before relaxing)
 .rodata.str1.1
                0x0000000008011bf6        0x9 /tmp/ccNcY1Gm.ltrans8.ltrans.o
 .rodata.str1.1
                0x0000000008011bff       0x30 /tmp/ccNcY1Gm.ltrans12.ltrans.o
                                         0x33 (size before relaxing)
 .rodata.str1.1
                0x0000000008011c2f        0xa /tmp/ccNcY1Gm.ltrans13.ltrans.o
 .rodata.str1.1
                0x0000000008011c39      0x15e /tmp/ccNcY1Gm.ltrans15.ltrans.o
                                        0x1cb (size before relaxing)
 .rodata.str1.1
                0x0000000008011d97      0x9a6 /tmp/ccNcY1Gm.ltrans16.ltrans.o
                                        0xa2c (size before relaxing)
 *fill*         0x000000000801273d        0x3 
 .rodata.str1.4
                0x0000000008012740        0x2 /usr/lib/gcc/arm-none-eabi/6.3.1/../../../arm-none-eabi/lib/thumb/v7e-m/fpv4-sp/hard/libc_nano.a(lib_a-impure.o)
 *fill*         0x0000000008012742        0x2 
 .rodata.str1.4
                0x0000000008012744        0x4 /usr/lib/gcc/arm-none-eabi/6.3.1/../../../arm-none-eabi/lib/thumb/v7e-m/fpv4-sp/hard/libm.a(lib_a-w_pow.o)
 .rodata.str1.4
                0x0000000008012748        0x6 /usr/lib/gcc/arm-none-eabi/6.3.1/../../../arm-none-eabi/lib/thumb/v7e-m/fpv4-sp/hard/libm.a(lib_a-wf_sqrt.o)
 *fill*         0x000000000801274e        0x2 
 .rodata.str1.4
                0x0000000008012750        0x4 /usr/lib/gcc/arm-none-eabi/6.3.1/../../../arm-none-eabi/lib/thumb/v7e-m/fpv4-sp/hard/libm.a(lib_a-e_pow.o)
                                          0x1 (size before relaxing)
 *(.glue_7)
 .glue_7        0x0000000008012754        0x0 linker stubs
 *(.glue_7t)
 .glue_7t       0x0000000008012754        0x0 linker stubs
 *(.eh_frame)
 *(.init)
 *(.fini)
                0x0000000008012754                . = ALIGN (0x4)
                0x0000000008012754                _etext = .

.vfp11_veneer   0x0000000008012754        0x0
 .vfp11_veneer  0x0000000008012754        0x0 linker stubs

.v4_bx          0x0000000008012754        0x0
 .v4_bx         0x0000000008012754        0x0 linker stubs

.iplt           0x0000000008012754        0x0
 .iplt          0x0000000008012754        0x0 obj/main/SPRACINGF3/startup_stm32f30x_md_gcc.o

.ARM.extab
 *(.ARM.extab* .gnu.linkonce.armextab.*)

.ARM            0x0000000008012754        0x8
                0x0000000008012754                __exidx_start = .
 *(.ARM.exidx*)
 .ARM.exidx     0x0000000008012754        0x8 /usr/lib/gcc/arm-none-eabi/6.3.1/thumb/v7e-m/fpv4-sp/hard/libgcc.a(_udivmoddi4.o)
                0x000000000801275c                __exidx_end = .

.preinit_array  0x000000000801275c        0x0
                [!provide]                        PROVIDE (__preinit_array_start, .)
 *(.preinit_array*)
                [!provide]                        PROVIDE (__preinit_array_end, .)

.init_array     0x000000000801275c        0x0
                [!provide]                        PROVIDE (__init_array_start, .)
 *(SORT(.init_array.*))
 *(.init_array*)
                [!provide]                        PROVIDE (__init_array_end, .)

.fini_array     0x000000000801275c        0x0
                [!provide]                        PROVIDE (__fini_array_start, .)
 *(.fini_array*)
 *(SORT(.fini_array.*))
                [!provide]                        PROVIDE (__fini_array_end, .)

.pg_registry    0x000000000801275c      0x200
                0x000000000801275c                PROVIDE (__pg_registry_start, .)
 *(.pg_registry)
 .pg_registry   0x000000000801275c       0x20 /tmp/ccNcY1Gm.ltrans0.ltrans.o
                0x000000000801275c                sensorSelectionConfig_Registry
                0x000000000801276c                systemConfig_Registry
 .pg_registry   0x000000000801277c      0x130 /tmp/ccNcY1Gm.ltrans1.ltrans.o
                0x000000000801277c                pidProfile_Registry
                0x000000000801278c                profileSelection_Registry
                0x000000000801279c                featureConfig_Registry
                0x00000000080127ac                sensorAlignmentConfig_Registry
                0x00000000080127bc                rcControlsConfig_Registry
                0x00000000080127cc                motor3DConfig_Registry
                0x00000000080127dc                serialConfig_Registry
                0x00000000080127ec                failsafeChannelConfigs_Registry
                0x00000000080127fc                boardAlignment_Registry
                0x000000000801280c                accelerometerConfig_Registry
                0x000000000801281c                compassConfig_Registry
                0x000000000801282c                failsafeConfig_Registry
                0x000000000801283c                motorAndServoConfig_Registry
                0x000000000801284c                adjustmentProfile_Registry
                0x000000000801285c                modeActivationProfile_Registry
                0x000000000801286c                imuConfig_Registry
                0x000000000801287c                armingConfig_Registry
                0x000000000801288c                batteryConfig_Registry
                0x000000000801289c                mixerConfig_Registry
 .pg_registry   0x00000000080128ac       0x20 /tmp/ccNcY1Gm.ltrans4.ltrans.o
                0x00000000080128ac                gyroConfig_Registry
                0x00000000080128bc                airplaneConfig_Registry
 .pg_registry   0x00000000080128cc       0x10 /tmp/ccNcY1Gm.ltrans5.ltrans.o
                0x00000000080128cc                customMotorMixer_Registry
 .pg_registry   0x00000000080128dc       0x40 /tmp/ccNcY1Gm.ltrans8.ltrans.o
                0x00000000080128dc                barometerConfig_Registry
                0x00000000080128ec                throttleCorrectionConfig_Registry
                0x00000000080128fc                sensorTrims_Registry
                0x000000000801290c                rateProfileSelection_Registry
 .pg_registry   0x000000000801291c       0x10 /tmp/ccNcY1Gm.ltrans9.ltrans.o
                0x000000000801291c                pwmRxConfig_Registry
 .pg_registry   0x000000000801292c       0x10 /tmp/ccNcY1Gm.ltrans10.ltrans.o
                0x000000000801292c                rxConfig_Registry
 .pg_registry   0x000000000801293c       0x10 /tmp/ccNcY1Gm.ltrans15.ltrans.o
                0x000000000801293c                controlRateProfiles_Registry
 .pg_registry   0x000000000801294c       0x10 /tmp/ccNcY1Gm.ltrans16.ltrans.o
                0x000000000801294c                channelRanges_Registry
 *(SORT(.pg_registry.*))
                0x000000000801295c                PROVIDE (__pg_registry_end, .)

.pg_resetdata   0x000000000801295c       0xa6
                0x000000000801295c                PROVIDE (__pg_resetdata_start, .)
 *(.pg_resetdata)
 .pg_resetdata  0x000000000801295c        0x2 /tmp/ccNcY1Gm.ltrans0.ltrans.o
                0x000000000801295c                pgResetTemplate_systemConfig
 .pg_resetdata  0x000000000801295e       0x70 /tmp/ccNcY1Gm.ltrans1.ltrans.o
                0x000000000801295e                pgResetTemplate_rcControlsConfig
                0x0000000008012966                pgResetTemplate_motor3DConfig
                0x000000000801296c                pgResetTemplate_compassConfig
                0x000000000801296e                pgResetTemplate_failsafeConfig
                0x0000000008012976                pgResetTemplate_motorAndServoConfig
                0x0000000008012982                pgResetTemplate_imuConfig
                0x000000000801298e                pgResetTemplate_armingConfig
                0x0000000008012992                pgResetTemplate_batteryConfig
                0x00000000080129a0                pgResetTemplate_mixerConfig
                0x00000000080129a6                pgResetTemplate_pidProfile
 .pg_resetdata  0x00000000080129ce        0x5 /tmp/ccNcY1Gm.ltrans4.ltrans.o
                0x00000000080129ce                pgResetTemplate_gyroConfig
                0x00000000080129d2                pgResetTemplate_airplaneConfig
 *fill*         0x00000000080129d3        0x1 
 .pg_resetdata  0x00000000080129d4       0x14 /tmp/ccNcY1Gm.ltrans8.ltrans.o
                0x00000000080129d4                pgResetTemplate_barometerConfig
                0x00000000080129e4                pgResetTemplate_throttleCorrectionConfig
 .pg_resetdata  0x00000000080129e8       0x1a /tmp/ccNcY1Gm.ltrans10.ltrans.o
                0x00000000080129e8                pgResetTemplate_rxConfig
                0x0000000008012a02                PROVIDE (__pg_resetdata_end, .)
                0x0000000008012a02                _sidata = .

.rel.dyn        0x0000000008012a04        0x0
 .rel.iplt      0x0000000008012a04        0x0 obj/main/SPRACINGF3/startup_stm32f30x_md_gcc.o

.data           0x0000000020000000      0x34c load address 0x0000000008012a02
                0x0000000020000000                . = ALIGN (0x4)
                0x0000000020000000                _sdata = .
 *(.data)
 .data          0x0000000020000000        0x1 /tmp/ccNcY1Gm.ltrans1.ltrans.o
                0x0000000020000000                isUsingSticksToArm.lto_priv.191
 *fill*         0x0000000020000001        0x3 
 .data          0x0000000020000004        0x4 /tmp/ccNcY1Gm.ltrans2.ltrans.o
                0x0000000020000004                rcReadRawFunc.lto_priv.250
 .data          0x0000000020000008        0x8 /tmp/ccNcY1Gm.ltrans6.ltrans.o
                0x0000000020000008                q0.lto_priv.234
                0x000000002000000c                pid_controller
 .data          0x0000000020000010      0x1e4 /tmp/ccNcY1Gm.ltrans7.ltrans.o
                0x0000000020000010                realtimeGuardInterval.lto_priv.242
                0x0000000020000014                cfTasks
 .data          0x00000000200001f4       0x8c /tmp/ccNcY1Gm.ltrans10.ltrans.o
                0x00000000200001f4                dmaChannels
 .data          0x0000000020000280       0x35 /tmp/ccNcY1Gm.ltrans11.ltrans.o
                0x00000000200002b0                RX_ADDRESS
 *fill*         0x00000000200002b5        0x1 
 .data          0x00000000200002b6       0x1c /tmp/ccNcY1Gm.ltrans13.ltrans.o
                0x00000000200002b6                pwmMotorsEnabled.lto_priv.185
 *fill*         0x00000000200002d2        0x2 
 .data          0x00000000200002d4        0x4 /tmp/ccNcY1Gm.ltrans15.ltrans.o
 .data          0x00000000200002d8        0x6 /tmp/ccNcY1Gm.ltrans16.ltrans.o
                0x00000000200002d8                batteryCellCount
                0x00000000200002d9                detectedSensors
                0x00000000200002dd                standardBoardAlignment.lto_priv.260
 *fill*         0x00000000200002de        0x2 
 .data          0x00000000200002e0        0x4 /usr/lib/gcc/arm-none-eabi/6.3.1/../../../arm-none-eabi/lib/thumb/v7e-m/fpv4-sp/hard/libc_nano.a(lib_a-ctype_.o)
                0x00000000200002e0                __ctype_ptr__
 .data          0x00000000200002e4       0x64 /usr/lib/gcc/arm-none-eabi/6.3.1/../../../arm-none-eabi/lib/thumb/v7e-m/fpv4-sp/hard/libc_nano.a(lib_a-impure.o)
                0x00000000200002e4                _impure_ptr
 .data          0x0000000020000348        0x1 /usr/lib/gcc/arm-none-eabi/6.3.1/../../../arm-none-eabi/lib/thumb/v7e-m/fpv4-sp/hard/libm.a(lib_a-s_lib_ver.o)
                0x0000000020000348                __fdlib_version
 *(.data*)
                0x000000002000034c                . = ALIGN (0x4)
 *fill*         0x0000000020000349        0x3 
                0x000000002000034c                _edata = .

.igot.plt       0x000000002000034c        0x0 load address 0x0000000008012d4e
 .igot.plt      0x000000002000034c        0x0 obj/main/SPRACINGF3/startup_stm32f30x_md_gcc.o
                0x000000002000034c                . = ALIGN (0x4)

.bss            0x0000000020000350     0x2104 load address 0x0000000008012d4e
                0x0000000020000350                _sbss = .
                0x0000000020000350                __bss_start__ = _sbss
 *(.bss)
 .bss           0x0000000020000350      0x29c /tmp/ccNcY1Gm.ltrans0.ltrans.o
                0x0000000020000350                ioRecs
                0x0000000020000480                extiGroupPriority.lto_priv.275
                0x0000000020000488                ppmDev
                0x00000000200005b4                mpuDividerDrops.lto_priv.273
                0x00000000200005b5                mpuDetectionResult
                0x00000000200005b8                mpuConfiguration
                0x00000000200005c4                mpuIntExtiConfig.lto_priv.274
 .bss           0x00000000200005ec      0x678 /tmp/ccNcY1Gm.ltrans1.ltrans.o
                0x00000000200005ec                mspPorts
                0x000000002000068c                cliMode
                0x0000000020000690                cliPort.lto_priv.134
                0x0000000020000694                printfSerialPort.lto_priv.121
                0x00000000200006b4                cliWriter.lto_priv.133
                0x00000000200006b8                armingFlags
                0x00000000200006ba                serialConfig_System
                0x00000000200006e4                mixerConfig_System
                0x00000000200006ea                cycleTime
                0x00000000200006ec                I2Cx.lto_priv.125
                0x00000000200006f0                i2c1ErrorCount.lto_priv.126
                0x00000000200006f2                i2c2ErrorCount.lto_priv.127
                0x00000000200006f4                enabledSensors.lto_priv.128
                0x00000000200006f8                flightModeFlags
                0x00000000200006fc                rcModeActivationMask.lto_priv.186
                0x0000000020000700                activeBoxIds.lto_priv.254
                0x0000000020000704                profileSelection_System
                0x0000000020000706                averageSystemLoadPercent
                0x0000000020000708                acc
                0x0000000020000714                accSmooth
                0x000000002000071c                gyroADC
                0x0000000020000728                motor
                0x0000000020000740                rxRuntimeConfig
                0x0000000020000742                attitude
                0x0000000020000748                EstAlt.lto_priv.193
                0x000000002000074c                vario
                0x0000000020000750                vbat
                0x0000000020000754                mAhDrawn
                0x0000000020000758                rssi
                0x000000002000075a                batteryConfig_System
                0x0000000020000768                amperage
                0x000000002000076c                armingConfig_System
                0x0000000020000770                imuConfig_System
                0x000000002000077c                currentControlRateProfile
                0x0000000020000780                pidProfile_ProfileCurrent
                0x0000000020000784                modeActivationProfile_ProfileCurrent
                0x0000000020000788                adjustmentProfile_ProfileCurrent
                0x000000002000078c                motorAndServoConfig_System
                0x0000000020000798                failsafeConfig_System
                0x00000000200007a0                compassConfig_ProfileCurrent
                0x00000000200007a4                debug
                0x00000000200007ac                accelerometerConfig_ProfileCurrent
                0x00000000200007b0                featureConfig_System
                0x00000000200007b4                boardAlignment_System
                0x00000000200007ba                failsafeChannelConfigs_SystemArray
                0x00000000200007e0                serialPortUsageList.lto_priv.147
                0x000000002000081c                motor3DConfig_System
                0x0000000020000824                rcControlsConfig_ProfileCurrent
                0x0000000020000828                sensorAlignmentConfig_System
                0x000000002000082c                escHardware
                0x00000000200008ec                pwmIOConfiguration.lto_priv.263
                0x000000002000097c                escCount.lto_priv.168
                0x0000000020000984                mspFrame.lto_priv.122
                0x00000000200009a8                rxMspFrameDone.lto_priv.207
                0x00000000200009aa                motor_disarmed
                0x00000000200009c2                calibratingA
                0x00000000200009c4                stateFlags
                0x0000000020000c58                magADC
 .bss           0x0000000020000c64       0x7e /tmp/ccNcY1Gm.ltrans2.ltrans.o
                0x0000000020000c64                rxUpdateAt.lto_priv.204
                0x0000000020000c68                rcSampleIndex.lto_priv.248
                0x0000000020000c6b                RXDATA
                0x0000000020000c8c                mspData
                0x0000000020000cbc                disarmAt.lto_priv.240
                0x0000000020000cc3                rxSignalReceived.lto_priv.205
                0x0000000020000cc4                calibratingG.lto_priv.238
                0x0000000020000cc6                calibratingB
                0x0000000020000cc8                AccInflightCalibrationMeasurementDone
                0x0000000020000cc9                AccInflightCalibrationSavetoEEProm
                0x0000000020000ccc                InflightcalibratingA
                0x0000000020000cce                AccInflightCalibrationActive
                0x0000000020000cdc                isRXDataNew.lto_priv.227
                0x0000000020000cdd                haveUpdatedRcCommandsOnce.lto_priv.224
                0x0000000020000cde                initialRawThrottleHold.lto_priv.225
                0x0000000020000ce0                initialThrottleHold.lto_priv.226
 *fill*         0x0000000020000ce2        0x2 
 .bss           0x0000000020000ce4      0x11d /tmp/ccNcY1Gm.ltrans3.ltrans.o
 *fill*         0x0000000020000e01        0x3 
 .bss           0x0000000020000e04      0x1ff /tmp/ccNcY1Gm.ltrans4.ltrans.o
                0x0000000020000e18                gyroAlign
                0x0000000020000e1a                gyroConfig_System
                0x0000000020000f08                gyroScale.lto_priv.255
                0x0000000020000f18                smallAngleCosZ
                0x0000000020000f24                headFreeModeHold
                0x0000000020000f26                rxRefreshRate.lto_priv.249
                0x0000000020000f40                currentMixer
                0x0000000020001002                motorControlEnable
 *fill*         0x0000000020001003        0x1 
 .bss           0x0000000020001004      0x105 /tmp/ccNcY1Gm.ltrans5.ltrans.o
                0x0000000020001004                cliBuffer.lto_priv.210
                0x0000000020001034                bufferIndex.lto_priv.209
                0x0000000020001038                customMotorMixer_SystemArray
                0x00000000200010f8                StkCmd.lto_priv.166
                0x00000000200010f9                stkInBuf.lto_priv.167
 *fill*         0x0000000020001109        0x3 
 .bss           0x000000002000110c      0x288 /tmp/ccNcY1Gm.ltrans6.ltrans.o
                0x000000002000110c                extiChannelRecs
                0x000000002000114c                rcCommand
                0x0000000020001154                lastITerm
                0x0000000020001160                motorLimitReached
                0x0000000020001170                ITermAngle.lto_priv.198
                0x0000000020001178                dynP8
                0x0000000020001180                dT
                0x00000000200011b8                dynD8
                0x00000000200011bc                axisPID
                0x00000000200011c2                motorCount
                0x00000000200011c3                PIDweight
                0x00000000200011d4                targetLooptime
                0x00000000200011e4                lastITermf
                0x00000000200011fc                gyro
                0x000000002000121c                motors.lto_priv.190
                0x000000002000124c                timerConfig
                0x0000000020001364                q1.lto_priv.235
                0x0000000020001368                q2.lto_priv.236
                0x000000002000136c                q3.lto_priv.237
                0x0000000020001370                rMat.lto_priv.197
 .bss           0x0000000020001394       0x48 /tmp/ccNcY1Gm.ltrans7.ltrans.o
                0x0000000020001394                totalWaitingTasksSamples.lto_priv.243
                0x0000000020001398                totalWaitingTasks.lto_priv.244
                0x000000002000139c                taskQueuePos.lto_priv.241
                0x00000000200013a0                taskQueueArray
                0x00000000200013cc                currentTask.lto_priv.196
                0x00000000200013d0                taskQueueSize.lto_priv.124
                0x00000000200013d4                sysTickUptime.lto_priv.123
                0x00000000200013d8                usTicks.lto_priv.270
 .bss           0x00000000200013dc      0x128 /tmp/ccNcY1Gm.ltrans8.ltrans.o
                0x00000000200013dc                currentTime
                0x00000000200013f0                accTimeSum
                0x00000000200013f4                accSumCount
                0x00000000200013f8                accSum
                0x0000000020001404                accVelScale
                0x0000000020001408                barometerConfig_ProfileCurrent
                0x0000000020001410                AltHold
                0x0000000020001414                setVelocity
                0x000000002000141c                errorVelocityI
                0x0000000020001420                altHoldThrottleAdjustment
                0x0000000020001424                velocityControl
                0x0000000020001428                lookupThrottleRC.lto_priv.228
                0x0000000020001440                lookupYawRC.lto_priv.229
                0x000000002000144e                lookupPitchRollRC.lto_priv.230
                0x0000000020001460                adjustmentStates
                0x0000000020001490                accelerationTrims.lto_priv.211
                0x00000000200014a0                magneticDeclination
                0x00000000200014b4                throttleCorrectionConfig_ProfileCurrent
                0x00000000200014b8                imuRuntimeConfig.lto_priv.232
                0x00000000200014bc                accDeadband.lto_priv.233
                0x00000000200014c0                fc_acc
                0x00000000200014c4                throttleAngleScale
 .bss           0x0000000020001504      0x4a9 /tmp/ccNcY1Gm.ltrans9.ltrans.o
 *fill*         0x00000000200019ad        0x3 
 .bss           0x00000000200019b0      0x770 /tmp/ccNcY1Gm.ltrans10.ltrans.o
                0x00000000200019b0                uartPort1.lto_priv.280
                0x0000000020001a14                uartPort2.lto_priv.279
                0x0000000020001a78                uartPort3.lto_priv.278
                0x00000000200020dc                rxConfig_System
                0x00000000200020f8                activeFeaturesLatch.lto_priv.184
                0x00000000200020fc                rcData
 .bss           0x0000000020002120       0xd4 /tmp/ccNcY1Gm.ltrans11.ltrans.o
                0x0000000020002124                flag
                0x0000000020002143                App_data
                0x0000000020002148                APP_DATA_FLAG
                0x000000002000214c                FB
 *fill*         0x00000000200021f4        0x4 
 .bss           0x00000000200021f8       0x65 /tmp/ccNcY1Gm.ltrans12.ltrans.o
                0x00000000200021fd                ppmFrameCount.lto_priv.277
                0x0000000020002204                batteryWarningVoltage
                0x0000000020002206                batteryCriticalVoltage
                0x0000000020002228                accADC
                0x0000000020002234                accAlign
                0x000000002000225c                isAccelUpdatedAtLeastOnce.lto_priv.231
 *fill*         0x000000002000225d        0x3 
 .bss           0x0000000020002260       0x10 /tmp/ccNcY1Gm.ltrans13.ltrans.o
                0x0000000020002260                port.lto_priv.182
                0x0000000020002266                crcIn.lto_priv.183
                0x000000002000226e                crcOut.lto_priv.181
 .bss           0x0000000020002270        0xf /tmp/ccNcY1Gm.ltrans14.ltrans.o
                0x0000000020002270                escSelected
 *fill*         0x000000002000227f        0x1 
 .bss           0x0000000020002280       0x26 /tmp/ccNcY1Gm.ltrans15.ltrans.o
                0x0000000020002280                currentControlRateProfileIndex.lto_priv.192
                0x0000000020002282                controlRateProfiles_SystemArray
 *fill*         0x00000000200022a6        0x2 
 .bss           0x00000000200022a8       0xc0 /tmp/ccNcY1Gm.ltrans16.ltrans.o
                0x00000000200022a8                captures.lto_priv.206
                0x00000000200022c0                batteryState.lto_priv.208
                0x00000000200022d0                boardRotation.lto_priv.261
                0x00000000200022f4                adcConfig
                0x0000000020002300                adcValues
                0x0000000020002306                vbatLatestADC
                0x0000000020002308                vbatFilterState.lto_priv.247
                0x000000002000232c                suspendRxSignalUntil.lto_priv.200
                0x0000000020002330                skipRxSamples.lto_priv.199
                0x0000000020002334                failsafeState.lto_priv.187
                0x0000000020002358                channelRanges_SystemArray
 .bss           0x0000000020002368        0x1 /tmp/ccNcY1Gm.ltrans18.ltrans.o
                0x0000000020002368                systemState.lto_priv.246
 *fill*         0x0000000020002369        0x3 
 .bss           0x000000002000236c       0xe8 /tmp/ccNcY1Gm.ltrans19.ltrans.o
 *(SORT(.bss*))
 *(COMMON)
                0x0000000020002454                . = ALIGN (0x4)
                0x0000000020002454                _ebss = .
                0x0000000020002454                __bss_end__ = _ebss

._user_heap_stack
                0x0000000020002454      0x400 load address 0x0000000008012d4e
                0x0000000020002454                . = ALIGN (0x4)
                [!provide]                        PROVIDE (end, .)
                [!provide]                        PROVIDE (_end, .)
                0x0000000020002454                . = (. + _Min_Heap_Size)
                0x0000000020002854                . = (. + _Min_Stack_Size)
 *fill*         0x0000000020002454      0x400 
                0x0000000020002854                . = ALIGN (0x4)

.memory_b1_text
 *(.mb1text)
 *(.mb1text*)
 *(.mb1rodata)
 *(.mb1rodata*)

/DISCARD/
 libc.a(*)
 libm.a(*)
 libgcc.a(*)

.ARM.attributes
                0x0000000000000000       0x35
 *(.ARM.attributes)
 .ARM.attributes
                0x0000000000000000       0x21 obj/main/SPRACINGF3/startup_stm32f30x_md_gcc.o
 .ARM.attributes
                0x0000000000000021       0x37 /tmp/ccNcY1Gm.ltrans0.ltrans.o
 .ARM.attributes
                0x0000000000000058       0x37 /tmp/ccNcY1Gm.ltrans1.ltrans.o
 .ARM.attributes
                0x000000000000008f       0x37 /tmp/ccNcY1Gm.ltrans2.ltrans.o
 .ARM.attributes
                0x00000000000000c6       0x37 /tmp/ccNcY1Gm.ltrans3.ltrans.o
 .ARM.attributes
                0x00000000000000fd       0x37 /tmp/ccNcY1Gm.ltrans4.ltrans.o
 .ARM.attributes
                0x0000000000000134       0x37 /tmp/ccNcY1Gm.ltrans5.ltrans.o
 .ARM.attributes
                0x000000000000016b       0x37 /tmp/ccNcY1Gm.ltrans6.ltrans.o
 .ARM.attributes
                0x00000000000001a2       0x37 /tmp/ccNcY1Gm.ltrans7.ltrans.o
 .ARM.attributes
                0x00000000000001d9       0x37 /tmp/ccNcY1Gm.ltrans8.ltrans.o
 .ARM.attributes
                0x0000000000000210       0x37 /tmp/ccNcY1Gm.ltrans9.ltrans.o
 .ARM.attributes
                0x0000000000000247       0x37 /tmp/ccNcY1Gm.ltrans10.ltrans.o
 .ARM.attributes
                0x000000000000027e       0x37 /tmp/ccNcY1Gm.ltrans11.ltrans.o
 .ARM.attributes
                0x00000000000002b5       0x37 /tmp/ccNcY1Gm.ltrans12.ltrans.o
 .ARM.attributes
                0x00000000000002ec       0x37 /tmp/ccNcY1Gm.ltrans13.ltrans.o
 .ARM.attributes
                0x0000000000000323       0x37 /tmp/ccNcY1Gm.ltrans14.ltrans.o
 .ARM.attributes
                0x000000000000035a       0x37 /tmp/ccNcY1Gm.ltrans15.ltrans.o
 .ARM.attributes
                0x0000000000000391       0x37 /tmp/ccNcY1Gm.ltrans16.ltrans.o
 .ARM.attributes
                0x00000000000003c8       0x37 /tmp/ccNcY1Gm.ltrans17.ltrans.o
 .ARM.attributes
                0x00000000000003ff       0x37 /tmp/ccNcY1Gm.ltrans18.ltrans.o
 .ARM.attributes
                0x0000000000000436       0x37 /tmp/ccNcY1Gm.ltrans19.ltrans.o
 .ARM.attributes
                0x000000000000046d       0x37 /tmp/ccNcY1Gm.ltrans20.ltrans.o
 .ARM.attributes
                0x00000000000004a4       0x34 /usr/lib/gcc/arm-none-eabi/6.3.1/../../../arm-none-eabi/lib/thumb/v7e-m/fpv4-sp/hard/libc_nano.a(lib_a-atoi.o)
 .ARM.attributes
                0x00000000000004d8       0x34 /usr/lib/gcc/arm-none-eabi/6.3.1/../../../arm-none-eabi/lib/thumb/v7e-m/fpv4-sp/hard/libc_nano.a(lib_a-ctype_.o)
 .ARM.attributes
                0x000000000000050c       0x34 /usr/lib/gcc/arm-none-eabi/6.3.1/../../../arm-none-eabi/lib/thumb/v7e-m/fpv4-sp/hard/libc_nano.a(lib_a-strtok_r.o)
 .ARM.attributes
                0x0000000000000540       0x34 /usr/lib/gcc/arm-none-eabi/6.3.1/../../../arm-none-eabi/lib/thumb/v7e-m/fpv4-sp/hard/libc_nano.a(lib_a-strtol.o)
 .ARM.attributes
                0x0000000000000574       0x34 /usr/lib/gcc/arm-none-eabi/6.3.1/../../../arm-none-eabi/lib/thumb/v7e-m/fpv4-sp/hard/libc_nano.a(lib_a-impure.o)
 .ARM.attributes
                0x00000000000005a8       0x34 /usr/lib/gcc/arm-none-eabi/6.3.1/../../../arm-none-eabi/lib/thumb/v7e-m/fpv4-sp/hard/libm.a(lib_a-sf_lrint.o)
 .ARM.attributes
                0x00000000000005dc       0x34 /usr/lib/gcc/arm-none-eabi/6.3.1/../../../arm-none-eabi/lib/thumb/v7e-m/fpv4-sp/hard/libm.a(lib_a-w_pow.o)
 .ARM.attributes
                0x0000000000000610       0x34 /usr/lib/gcc/arm-none-eabi/6.3.1/../../../arm-none-eabi/lib/thumb/v7e-m/fpv4-sp/hard/libm.a(lib_a-wf_sqrt.o)
 .ARM.attributes
                0x0000000000000644       0x34 /usr/lib/gcc/arm-none-eabi/6.3.1/../../../arm-none-eabi/lib/thumb/v7e-m/fpv4-sp/hard/libm.a(lib_a-e_pow.o)
 .ARM.attributes
                0x0000000000000678       0x34 /usr/lib/gcc/arm-none-eabi/6.3.1/../../../arm-none-eabi/lib/thumb/v7e-m/fpv4-sp/hard/libm.a(lib_a-e_sqrt.o)
 .ARM.attributes
                0x00000000000006ac       0x34 /usr/lib/gcc/arm-none-eabi/6.3.1/../../../arm-none-eabi/lib/thumb/v7e-m/fpv4-sp/hard/libm.a(lib_a-ef_sqrt.o)
 .ARM.attributes
                0x00000000000006e0       0x34 /usr/lib/gcc/arm-none-eabi/6.3.1/../../../arm-none-eabi/lib/thumb/v7e-m/fpv4-sp/hard/libm.a(lib_a-s_fabs.o)
 .ARM.attributes
                0x0000000000000714       0x34 /usr/lib/gcc/arm-none-eabi/6.3.1/../../../arm-none-eabi/lib/thumb/v7e-m/fpv4-sp/hard/libm.a(lib_a-s_finite.o)
 .ARM.attributes
                0x0000000000000748       0x34 /usr/lib/gcc/arm-none-eabi/6.3.1/../../../arm-none-eabi/lib/thumb/v7e-m/fpv4-sp/hard/libm.a(lib_a-s_lib_ver.o)
 .ARM.attributes
                0x000000000000077c       0x34 /usr/lib/gcc/arm-none-eabi/6.3.1/../../../arm-none-eabi/lib/thumb/v7e-m/fpv4-sp/hard/libm.a(lib_a-s_matherr.o)
 .ARM.attributes
                0x00000000000007b0       0x34 /usr/lib/gcc/arm-none-eabi/6.3.1/../../../arm-none-eabi/lib/thumb/v7e-m/fpv4-sp/hard/libm.a(lib_a-s_nan.o)
 .ARM.attributes
                0x00000000000007e4       0x34 /usr/lib/gcc/arm-none-eabi/6.3.1/../../../arm-none-eabi/lib/thumb/v7e-m/fpv4-sp/hard/libm.a(lib_a-s_rint.o)
 .ARM.attributes
                0x0000000000000818       0x34 /usr/lib/gcc/arm-none-eabi/6.3.1/../../../arm-none-eabi/lib/thumb/v7e-m/fpv4-sp/hard/libm.a(lib_a-s_scalbn.o)
 .ARM.attributes
                0x000000000000084c       0x34 /usr/lib/gcc/arm-none-eabi/6.3.1/../../../arm-none-eabi/lib/thumb/v7e-m/fpv4-sp/hard/libm.a(lib_a-s_copysign.o)
 .ARM.attributes
                0x0000000000000880       0x34 /usr/lib/gcc/arm-none-eabi/6.3.1/../../../arm-none-eabi/lib/thumb/v7e-m/fpv4-sp/hard/libc_nano.a(lib_a-errno.o)
 .ARM.attributes
                0x00000000000008b4       0x34 /usr/lib/gcc/arm-none-eabi/6.3.1/../../../arm-none-eabi/lib/thumb/v7e-m/fpv4-sp/hard/libc_nano.a(lib_a-memcmp.o)
 .ARM.attributes
                0x00000000000008e8       0x20 /usr/lib/gcc/arm-none-eabi/6.3.1/../../../arm-none-eabi/lib/thumb/v7e-m/fpv4-sp/hard/libc_nano.a(lib_a-memcpy.o)
 .ARM.attributes
                0x0000000000000908       0x34 /usr/lib/gcc/arm-none-eabi/6.3.1/../../../arm-none-eabi/lib/thumb/v7e-m/fpv4-sp/hard/libc_nano.a(lib_a-memmove.o)
 .ARM.attributes
                0x000000000000093c       0x34 /usr/lib/gcc/arm-none-eabi/6.3.1/../../../arm-none-eabi/lib/thumb/v7e-m/fpv4-sp/hard/libc_nano.a(lib_a-memset.o)
 .ARM.attributes
                0x0000000000000970       0x34 /usr/lib/gcc/arm-none-eabi/6.3.1/../../../arm-none-eabi/lib/thumb/v7e-m/fpv4-sp/hard/libc_nano.a(lib_a-strcasecmp.o)
 .ARM.attributes
                0x00000000000009a4       0x34 /usr/lib/gcc/arm-none-eabi/6.3.1/../../../arm-none-eabi/lib/thumb/v7e-m/fpv4-sp/hard/libc_nano.a(lib_a-strcat.o)
 .ARM.attributes
                0x00000000000009d8       0x34 /usr/lib/gcc/arm-none-eabi/6.3.1/../../../arm-none-eabi/lib/thumb/v7e-m/fpv4-sp/hard/libc_nano.a(lib_a-strchr.o)
 .ARM.attributes
                0x0000000000000a0c       0x20 /usr/lib/gcc/arm-none-eabi/6.3.1/../../../arm-none-eabi/lib/thumb/v7e-m/fpv4-sp/hard/libc_nano.a(lib_a-strcmp.o)
 .ARM.attributes
                0x0000000000000a2c       0x34 /usr/lib/gcc/arm-none-eabi/6.3.1/../../../arm-none-eabi/lib/thumb/v7e-m/fpv4-sp/hard/libc_nano.a(lib_a-strcpy.o)
 .ARM.attributes
                0x0000000000000a60       0x20 /usr/lib/gcc/arm-none-eabi/6.3.1/../../../arm-none-eabi/lib/thumb/v7e-m/fpv4-sp/hard/libc_nano.a(lib_a-strlen.o)
 .ARM.attributes
                0x0000000000000a80       0x34 /usr/lib/gcc/arm-none-eabi/6.3.1/../../../arm-none-eabi/lib/thumb/v7e-m/fpv4-sp/hard/libc_nano.a(lib_a-strncasecmp.o)
 .ARM.attributes
                0x0000000000000ab4       0x34 /usr/lib/gcc/arm-none-eabi/6.3.1/../../../arm-none-eabi/lib/thumb/v7e-m/fpv4-sp/hard/libc_nano.a(lib_a-strncpy.o)
 .ARM.attributes
                0x0000000000000ae8       0x34 /usr/lib/gcc/arm-none-eabi/6.3.1/../../../arm-none-eabi/lib/thumb/v7e-m/fpv4-sp/hard/libc_nano.a(lib_a-strstr.o)
 .ARM.attributes
                0x0000000000000b1c       0x20 /usr/lib/gcc/arm-none-eabi/6.3.1/../../../arm-none-eabi/lib/thumb/v7e-m/fpv4-sp/hard/libc_nano.a(lib_a-memchr.o)
 .ARM.attributes
                0x0000000000000b3c       0x22 /usr/lib/gcc/arm-none-eabi/6.3.1/thumb/v7e-m/fpv4-sp/hard/libgcc.a(_arm_addsubdf3.o)
 .ARM.attributes
                0x0000000000000b5e       0x22 /usr/lib/gcc/arm-none-eabi/6.3.1/thumb/v7e-m/fpv4-sp/hard/libgcc.a(_arm_muldivdf3.o)
 .ARM.attributes
                0x0000000000000b80       0x22 /usr/lib/gcc/arm-none-eabi/6.3.1/thumb/v7e-m/fpv4-sp/hard/libgcc.a(_arm_cmpdf2.o)
 .ARM.attributes
                0x0000000000000ba2       0x22 /usr/lib/gcc/arm-none-eabi/6.3.1/thumb/v7e-m/fpv4-sp/hard/libgcc.a(_arm_unorddf2.o)
 .ARM.attributes
                0x0000000000000bc4       0x22 /usr/lib/gcc/arm-none-eabi/6.3.1/thumb/v7e-m/fpv4-sp/hard/libgcc.a(_arm_truncdfsf2.o)
 .ARM.attributes
                0x0000000000000be6       0x22 /usr/lib/gcc/arm-none-eabi/6.3.1/thumb/v7e-m/fpv4-sp/hard/libgcc.a(_aeabi_ldivmod.o)
 .ARM.attributes
                0x0000000000000c08       0x34 /usr/lib/gcc/arm-none-eabi/6.3.1/thumb/v7e-m/fpv4-sp/hard/libgcc.a(_popcountsi2.o)
 .ARM.attributes
                0x0000000000000c3c       0x34 /usr/lib/gcc/arm-none-eabi/6.3.1/thumb/v7e-m/fpv4-sp/hard/libgcc.a(_udivmoddi4.o)
 .ARM.attributes
                0x0000000000000c70       0x22 /usr/lib/gcc/arm-none-eabi/6.3.1/thumb/v7e-m/fpv4-sp/hard/libgcc.a(_dvmd_tls.o)
OUTPUT(obj/main/cleanflight_SPRACINGF3.elf elf32-littlearm)

.debug_info     0x0000000000000000    0x3cff3
 .debug_info    0x0000000000000000     0x678b /tmp/ccNcY1Gm.ltrans0.ltrans.o
 .debug_info    0x000000000000678b     0x4e99 /tmp/ccNcY1Gm.ltrans1.ltrans.o
 .debug_info    0x000000000000b624     0x23b2 /tmp/ccNcY1Gm.ltrans2.ltrans.o
 .debug_info    0x000000000000d9d6     0x3502 /tmp/ccNcY1Gm.ltrans3.ltrans.o
 .debug_info    0x0000000000010ed8     0x1f60 /tmp/ccNcY1Gm.ltrans4.ltrans.o
 .debug_info    0x0000000000012e38     0x23d8 /tmp/ccNcY1Gm.ltrans5.ltrans.o
 .debug_info    0x0000000000015210     0x2134 /tmp/ccNcY1Gm.ltrans6.ltrans.o
 .debug_info    0x0000000000017344     0x286d /tmp/ccNcY1Gm.ltrans7.ltrans.o
 .debug_info    0x0000000000019bb1     0x24ac /tmp/ccNcY1Gm.ltrans8.ltrans.o
 .debug_info    0x000000000001c05d     0x23e5 /tmp/ccNcY1Gm.ltrans9.ltrans.o
 .debug_info    0x000000000001e442     0x267e /tmp/ccNcY1Gm.ltrans10.ltrans.o
 .debug_info    0x0000000000020ac0     0x1624 /tmp/ccNcY1Gm.ltrans11.ltrans.o
 .debug_info    0x00000000000220e4      0xfc3 /tmp/ccNcY1Gm.ltrans12.ltrans.o
 .debug_info    0x00000000000230a7     0x1441 /tmp/ccNcY1Gm.ltrans13.ltrans.o
 .debug_info    0x00000000000244e8     0x1421 /tmp/ccNcY1Gm.ltrans14.ltrans.o
 .debug_info    0x0000000000025909     0x1257 /tmp/ccNcY1Gm.ltrans15.ltrans.o
 .debug_info    0x0000000000026b60     0x18db /tmp/ccNcY1Gm.ltrans16.ltrans.o
 .debug_info    0x000000000002843b      0x5ef /tmp/ccNcY1Gm.ltrans17.ltrans.o
 .debug_info    0x0000000000028a2a      0x345 /tmp/ccNcY1Gm.ltrans18.ltrans.o
 .debug_info    0x0000000000028d6f      0x4df /tmp/ccNcY1Gm.ltrans19.ltrans.o
 .debug_info    0x000000000002924e      0x252 /tmp/ccNcY1Gm.ltrans20.ltrans.o
 .debug_info    0x00000000000294a0      0x93c /usr/lib/gcc/arm-none-eabi/6.3.1/../../../arm-none-eabi/lib/thumb/v7e-m/fpv4-sp/hard/libc_nano.a(lib_a-atoi.o)
 .debug_info    0x0000000000029ddc       0xc0 /usr/lib/gcc/arm-none-eabi/6.3.1/../../../arm-none-eabi/lib/thumb/v7e-m/fpv4-sp/hard/libc_nano.a(lib_a-ctype_.o)
 .debug_info    0x0000000000029e9c      0x981 /usr/lib/gcc/arm-none-eabi/6.3.1/../../../arm-none-eabi/lib/thumb/v7e-m/fpv4-sp/hard/libc_nano.a(lib_a-strtok_r.o)
 .debug_info    0x000000000002a81d      0xa14 /usr/lib/gcc/arm-none-eabi/6.3.1/../../../arm-none-eabi/lib/thumb/v7e-m/fpv4-sp/hard/libc_nano.a(lib_a-strtol.o)
 .debug_info    0x000000000002b231      0x8a0 /usr/lib/gcc/arm-none-eabi/6.3.1/../../../arm-none-eabi/lib/thumb/v7e-m/fpv4-sp/hard/libc_nano.a(lib_a-impure.o)
 .debug_info    0x000000000002bad1      0x9e9 /usr/lib/gcc/arm-none-eabi/6.3.1/../../../arm-none-eabi/lib/thumb/v7e-m/fpv4-sp/hard/libm.a(lib_a-sf_lrint.o)
 .debug_info    0x000000000002c4ba      0xb23 /usr/lib/gcc/arm-none-eabi/6.3.1/../../../arm-none-eabi/lib/thumb/v7e-m/fpv4-sp/hard/libm.a(lib_a-w_pow.o)
 .debug_info    0x000000000002cfdd      0x9f2 /usr/lib/gcc/arm-none-eabi/6.3.1/../../../arm-none-eabi/lib/thumb/v7e-m/fpv4-sp/hard/libm.a(lib_a-wf_sqrt.o)
 .debug_info    0x000000000002d9cf      0xf66 /usr/lib/gcc/arm-none-eabi/6.3.1/../../../arm-none-eabi/lib/thumb/v7e-m/fpv4-sp/hard/libm.a(lib_a-e_pow.o)
 .debug_info    0x000000000002e935      0xa60 /usr/lib/gcc/arm-none-eabi/6.3.1/../../../arm-none-eabi/lib/thumb/v7e-m/fpv4-sp/hard/libm.a(lib_a-e_sqrt.o)
 .debug_info    0x000000000002f395      0x9fb /usr/lib/gcc/arm-none-eabi/6.3.1/../../../arm-none-eabi/lib/thumb/v7e-m/fpv4-sp/hard/libm.a(lib_a-ef_sqrt.o)
 .debug_info    0x000000000002fd90      0x986 /usr/lib/gcc/arm-none-eabi/6.3.1/../../../arm-none-eabi/lib/thumb/v7e-m/fpv4-sp/hard/libm.a(lib_a-s_fabs.o)
 .debug_info    0x0000000000030716      0x971 /usr/lib/gcc/arm-none-eabi/6.3.1/../../../arm-none-eabi/lib/thumb/v7e-m/fpv4-sp/hard/libm.a(lib_a-s_finite.o)
 .debug_info    0x0000000000031087      0x8cf /usr/lib/gcc/arm-none-eabi/6.3.1/../../../arm-none-eabi/lib/thumb/v7e-m/fpv4-sp/hard/libm.a(lib_a-s_lib_ver.o)
 .debug_info    0x0000000000031956      0x95e /usr/lib/gcc/arm-none-eabi/6.3.1/../../../arm-none-eabi/lib/thumb/v7e-m/fpv4-sp/hard/libm.a(lib_a-s_matherr.o)
 .debug_info    0x00000000000322b4      0x900 /usr/lib/gcc/arm-none-eabi/6.3.1/../../../arm-none-eabi/lib/thumb/v7e-m/fpv4-sp/hard/libm.a(lib_a-s_nan.o)
 .debug_info    0x0000000000032bb4      0xa51 /usr/lib/gcc/arm-none-eabi/6.3.1/../../../arm-none-eabi/lib/thumb/v7e-m/fpv4-sp/hard/libm.a(lib_a-s_rint.o)
 .debug_info    0x0000000000033605      0xa95 /usr/lib/gcc/arm-none-eabi/6.3.1/../../../arm-none-eabi/lib/thumb/v7e-m/fpv4-sp/hard/libm.a(lib_a-s_scalbn.o)
 .debug_info    0x000000000003409a      0x9b3 /usr/lib/gcc/arm-none-eabi/6.3.1/../../../arm-none-eabi/lib/thumb/v7e-m/fpv4-sp/hard/libm.a(lib_a-s_copysign.o)
 .debug_info    0x0000000000034a4d      0x8c7 /usr/lib/gcc/arm-none-eabi/6.3.1/../../../arm-none-eabi/lib/thumb/v7e-m/fpv4-sp/hard/libc_nano.a(lib_a-errno.o)
 .debug_info    0x0000000000035314      0x914 /usr/lib/gcc/arm-none-eabi/6.3.1/../../../arm-none-eabi/lib/thumb/v7e-m/fpv4-sp/hard/libc_nano.a(lib_a-memcmp.o)
 .debug_info    0x0000000000035c28       0xe1 /usr/lib/gcc/arm-none-eabi/6.3.1/../../../arm-none-eabi/lib/thumb/v7e-m/fpv4-sp/hard/libc_nano.a(lib_a-memcpy.o)
 .debug_info    0x0000000000035d09      0x925 /usr/lib/gcc/arm-none-eabi/6.3.1/../../../arm-none-eabi/lib/thumb/v7e-m/fpv4-sp/hard/libc_nano.a(lib_a-memmove.o)
 .debug_info    0x000000000003662e      0x916 /usr/lib/gcc/arm-none-eabi/6.3.1/../../../arm-none-eabi/lib/thumb/v7e-m/fpv4-sp/hard/libc_nano.a(lib_a-memset.o)
 .debug_info    0x0000000000036f44      0x968 /usr/lib/gcc/arm-none-eabi/6.3.1/../../../arm-none-eabi/lib/thumb/v7e-m/fpv4-sp/hard/libc_nano.a(lib_a-strcasecmp.o)
 .debug_info    0x00000000000378ac      0x905 /usr/lib/gcc/arm-none-eabi/6.3.1/../../../arm-none-eabi/lib/thumb/v7e-m/fpv4-sp/hard/libc_nano.a(lib_a-strcat.o)
 .debug_info    0x00000000000381b1      0x90c /usr/lib/gcc/arm-none-eabi/6.3.1/../../../arm-none-eabi/lib/thumb/v7e-m/fpv4-sp/hard/libc_nano.a(lib_a-strchr.o)
 .debug_info    0x0000000000038abd       0xe0 /usr/lib/gcc/arm-none-eabi/6.3.1/../../../arm-none-eabi/lib/thumb/v7e-m/fpv4-sp/hard/libc_nano.a(lib_a-strcmp.o)
 .debug_info    0x0000000000038b9d      0x8b3 /usr/lib/gcc/arm-none-eabi/6.3.1/../../../arm-none-eabi/lib/thumb/v7e-m/fpv4-sp/hard/libc_nano.a(lib_a-strcpy.o)
 .debug_info    0x0000000000039450       0xe0 /usr/lib/gcc/arm-none-eabi/6.3.1/../../../arm-none-eabi/lib/thumb/v7e-m/fpv4-sp/hard/libc_nano.a(lib_a-strlen.o)
 .debug_info    0x0000000000039530      0x980 /usr/lib/gcc/arm-none-eabi/6.3.1/../../../arm-none-eabi/lib/thumb/v7e-m/fpv4-sp/hard/libc_nano.a(lib_a-strncasecmp.o)
 .debug_info    0x0000000000039eb0      0x928 /usr/lib/gcc/arm-none-eabi/6.3.1/../../../arm-none-eabi/lib/thumb/v7e-m/fpv4-sp/hard/libc_nano.a(lib_a-strncpy.o)
 .debug_info    0x000000000003a7d8      0xca7 /usr/lib/gcc/arm-none-eabi/6.3.1/../../../arm-none-eabi/lib/thumb/v7e-m/fpv4-sp/hard/libc_nano.a(lib_a-strstr.o)
 .debug_info    0x000000000003b47f       0xda /usr/lib/gcc/arm-none-eabi/6.3.1/../../../arm-none-eabi/lib/thumb/v7e-m/fpv4-sp/hard/libc_nano.a(lib_a-memchr.o)
 .debug_info    0x000000000003b559       0xd4 /usr/lib/gcc/arm-none-eabi/6.3.1/thumb/v7e-m/fpv4-sp/hard/libgcc.a(_arm_addsubdf3.o)
 .debug_info    0x000000000003b62d       0xd4 /usr/lib/gcc/arm-none-eabi/6.3.1/thumb/v7e-m/fpv4-sp/hard/libgcc.a(_arm_muldivdf3.o)
 .debug_info    0x000000000003b701       0xd4 /usr/lib/gcc/arm-none-eabi/6.3.1/thumb/v7e-m/fpv4-sp/hard/libgcc.a(_arm_cmpdf2.o)
 .debug_info    0x000000000003b7d5       0xd4 /usr/lib/gcc/arm-none-eabi/6.3.1/thumb/v7e-m/fpv4-sp/hard/libgcc.a(_arm_unorddf2.o)
 .debug_info    0x000000000003b8a9       0xd4 /usr/lib/gcc/arm-none-eabi/6.3.1/thumb/v7e-m/fpv4-sp/hard/libgcc.a(_arm_truncdfsf2.o)
 .debug_info    0x000000000003b97d       0xcf /usr/lib/gcc/arm-none-eabi/6.3.1/thumb/v7e-m/fpv4-sp/hard/libgcc.a(_aeabi_ldivmod.o)
 .debug_info    0x000000000003ba4c      0x8b0 /usr/lib/gcc/arm-none-eabi/6.3.1/thumb/v7e-m/fpv4-sp/hard/libgcc.a(_popcountsi2.o)
 .debug_info    0x000000000003c2fc      0xc24 /usr/lib/gcc/arm-none-eabi/6.3.1/thumb/v7e-m/fpv4-sp/hard/libgcc.a(_udivmoddi4.o)
 .debug_info    0x000000000003cf20       0xd3 /usr/lib/gcc/arm-none-eabi/6.3.1/thumb/v7e-m/fpv4-sp/hard/libgcc.a(_dvmd_tls.o)

.debug_abbrev   0x0000000000000000     0x91fa
 .debug_abbrev  0x0000000000000000      0x4af /tmp/ccNcY1Gm.ltrans0.ltrans.o
 .debug_abbrev  0x00000000000004af      0x49a /tmp/ccNcY1Gm.ltrans1.ltrans.o
 .debug_abbrev  0x0000000000000949      0x3f0 /tmp/ccNcY1Gm.ltrans2.ltrans.o
 .debug_abbrev  0x0000000000000d39      0x5ff /tmp/ccNcY1Gm.ltrans3.ltrans.o
 .debug_abbrev  0x0000000000001338      0x38a /tmp/ccNcY1Gm.ltrans4.ltrans.o
 .debug_abbrev  0x00000000000016c2      0x4af /tmp/ccNcY1Gm.ltrans5.ltrans.o
 .debug_abbrev  0x0000000000001b71      0x5d3 /tmp/ccNcY1Gm.ltrans6.ltrans.o
 .debug_abbrev  0x0000000000002144      0x5b8 /tmp/ccNcY1Gm.ltrans7.ltrans.o
 .debug_abbrev  0x00000000000026fc      0x52d /tmp/ccNcY1Gm.ltrans8.ltrans.o
 .debug_abbrev  0x0000000000002c29      0x583 /tmp/ccNcY1Gm.ltrans9.ltrans.o
 .debug_abbrev  0x00000000000031ac      0x396 /tmp/ccNcY1Gm.ltrans10.ltrans.o
 .debug_abbrev  0x0000000000003542      0x4e7 /tmp/ccNcY1Gm.ltrans11.ltrans.o
 .debug_abbrev  0x0000000000003a29      0x40f /tmp/ccNcY1Gm.ltrans12.ltrans.o
 .debug_abbrev  0x0000000000003e38      0x388 /tmp/ccNcY1Gm.ltrans13.ltrans.o
 .debug_abbrev  0x00000000000041c0      0x411 /tmp/ccNcY1Gm.ltrans14.ltrans.o
 .debug_abbrev  0x00000000000045d1      0x4fb /tmp/ccNcY1Gm.ltrans15.ltrans.o
 .debug_abbrev  0x0000000000004acc      0x55c /tmp/ccNcY1Gm.ltrans16.ltrans.o
 .debug_abbrev  0x0000000000005028      0x1cd /tmp/ccNcY1Gm.ltrans17.ltrans.o
 .debug_abbrev  0x00000000000051f5      0x1a2 /tmp/ccNcY1Gm.ltrans18.ltrans.o
 .debug_abbrev  0x0000000000005397      0x1f3 /tmp/ccNcY1Gm.ltrans19.ltrans.o
 .debug_abbrev  0x000000000000558a      0x125 /tmp/ccNcY1Gm.ltrans20.ltrans.o
 .debug_abbrev  0x00000000000056af      0x1a6 /usr/lib/gcc/arm-none-eabi/6.3.1/../../../arm-none-eabi/lib/thumb/v7e-m/fpv4-sp/hard/libc_nano.a(lib_a-atoi.o)
 .debug_abbrev  0x0000000000005855       0x5e /usr/lib/gcc/arm-none-eabi/6.3.1/../../../arm-none-eabi/lib/thumb/v7e-m/fpv4-sp/hard/libc_nano.a(lib_a-ctype_.o)
 .debug_abbrev  0x00000000000058b3      0x1f9 /usr/lib/gcc/arm-none-eabi/6.3.1/../../../arm-none-eabi/lib/thumb/v7e-m/fpv4-sp/hard/libc_nano.a(lib_a-strtok_r.o)
 .debug_abbrev  0x0000000000005aac      0x1dd /usr/lib/gcc/arm-none-eabi/6.3.1/../../../arm-none-eabi/lib/thumb/v7e-m/fpv4-sp/hard/libc_nano.a(lib_a-strtol.o)
 .debug_abbrev  0x0000000000005c89      0x153 /usr/lib/gcc/arm-none-eabi/6.3.1/../../../arm-none-eabi/lib/thumb/v7e-m/fpv4-sp/hard/libc_nano.a(lib_a-impure.o)
 .debug_abbrev  0x0000000000005ddc      0x218 /usr/lib/gcc/arm-none-eabi/6.3.1/../../../arm-none-eabi/lib/thumb/v7e-m/fpv4-sp/hard/libm.a(lib_a-sf_lrint.o)
 .debug_abbrev  0x0000000000005ff4      0x257 /usr/lib/gcc/arm-none-eabi/6.3.1/../../../arm-none-eabi/lib/thumb/v7e-m/fpv4-sp/hard/libm.a(lib_a-w_pow.o)
 .debug_abbrev  0x000000000000624b      0x24c /usr/lib/gcc/arm-none-eabi/6.3.1/../../../arm-none-eabi/lib/thumb/v7e-m/fpv4-sp/hard/libm.a(lib_a-wf_sqrt.o)
 .debug_abbrev  0x0000000000006497      0x2db /usr/lib/gcc/arm-none-eabi/6.3.1/../../../arm-none-eabi/lib/thumb/v7e-m/fpv4-sp/hard/libm.a(lib_a-e_pow.o)
 .debug_abbrev  0x0000000000006772      0x238 /usr/lib/gcc/arm-none-eabi/6.3.1/../../../arm-none-eabi/lib/thumb/v7e-m/fpv4-sp/hard/libm.a(lib_a-e_sqrt.o)
 .debug_abbrev  0x00000000000069aa      0x21c /usr/lib/gcc/arm-none-eabi/6.3.1/../../../arm-none-eabi/lib/thumb/v7e-m/fpv4-sp/hard/libm.a(lib_a-ef_sqrt.o)
 .debug_abbrev  0x0000000000006bc6      0x20b /usr/lib/gcc/arm-none-eabi/6.3.1/../../../arm-none-eabi/lib/thumb/v7e-m/fpv4-sp/hard/libm.a(lib_a-s_fabs.o)
 .debug_abbrev  0x0000000000006dd1      0x1ef /usr/lib/gcc/arm-none-eabi/6.3.1/../../../arm-none-eabi/lib/thumb/v7e-m/fpv4-sp/hard/libm.a(lib_a-s_finite.o)
 .debug_abbrev  0x0000000000006fc0      0x1a1 /usr/lib/gcc/arm-none-eabi/6.3.1/../../../arm-none-eabi/lib/thumb/v7e-m/fpv4-sp/hard/libm.a(lib_a-s_lib_ver.o)
 .debug_abbrev  0x0000000000007161      0x1e1 /usr/lib/gcc/arm-none-eabi/6.3.1/../../../arm-none-eabi/lib/thumb/v7e-m/fpv4-sp/hard/libm.a(lib_a-s_matherr.o)
 .debug_abbrev  0x0000000000007342      0x1d0 /usr/lib/gcc/arm-none-eabi/6.3.1/../../../arm-none-eabi/lib/thumb/v7e-m/fpv4-sp/hard/libm.a(lib_a-s_nan.o)
 .debug_abbrev  0x0000000000007512      0x242 /usr/lib/gcc/arm-none-eabi/6.3.1/../../../arm-none-eabi/lib/thumb/v7e-m/fpv4-sp/hard/libm.a(lib_a-s_rint.o)
 .debug_abbrev  0x0000000000007754      0x25c /usr/lib/gcc/arm-none-eabi/6.3.1/../../../arm-none-eabi/lib/thumb/v7e-m/fpv4-sp/hard/libm.a(lib_a-s_scalbn.o)
 .debug_abbrev  0x00000000000079b0      0x227 /usr/lib/gcc/arm-none-eabi/6.3.1/../../../arm-none-eabi/lib/thumb/v7e-m/fpv4-sp/hard/libm.a(lib_a-s_copysign.o)
 .debug_abbrev  0x0000000000007bd7      0x16f /usr/lib/gcc/arm-none-eabi/6.3.1/../../../arm-none-eabi/lib/thumb/v7e-m/fpv4-sp/hard/libc_nano.a(lib_a-errno.o)